Component: ARM Compiler 5.06 update 7 (build 960) Tool: armlink [4d3601]

==============================================================================

Section Cross References

    main.o(i.drv_ESP8266_SendByte) refers to drv_systick.o(i.drv_Systick_delayms) for drv_Systick_delayms
    main.o(i.drv_ESP8266_SendByte) refers to drv_usart.o(i.drv_USART_SendStr) for drv_USART_SendStr
    main.o(i.drv_FAN_Proc) refers to drv_led.o(i.FAN_ON) for FAN_ON
    main.o(i.drv_FAN_Proc) refers to drv_led.o(i.BEEP_Circle) for BEEP_Circle
    main.o(i.drv_FAN_Proc) refers to drv_led.o(i.FAN_OFF) for FAN_OFF
    main.o(i.drv_FAN_Proc) refers to drv_led.o(i.BEEP_OFF) for BEEP_OFF
    main.o(i.drv_FAN_Proc) refers to main.o(.data) for Temperature
    main.o(i.drv_KEY_Proc) refers to oled.o(i.OLED_Refresh) for OLED_Refresh
    main.o(i.drv_KEY_Proc) refers to oled.o(i.OLED_Clear) for OLED_Clear
    main.o(i.drv_KEY_Proc) refers to drv_led.o(i.BEEP_Circle) for BEEP_Circle
    main.o(i.drv_KEY_Proc) refers to main.o(.data) for ui
    main.o(i.drv_KEY_Proc) refers to drv_key.o(.bss) for key
    main.o(i.drv_LCD_Proc) refers to _printf_percent.o(.ARM.Collect$$_printf_percent$$00000000) for _printf_percent
    main.o(i.drv_LCD_Proc) refers to _printf_c.o(.ARM.Collect$$_printf_percent$$00000013) for _printf_c
    main.o(i.drv_LCD_Proc) refers to _printf_str.o(.text) for _printf_str
    main.o(i.drv_LCD_Proc) refers to _printf_f.o(.ARM.Collect$$_printf_percent$$00000003) for _printf_f
    main.o(i.drv_LCD_Proc) refers to printf1.o(x$fpl$printf1) for _printf_fp_dec
    main.o(i.drv_LCD_Proc) refers to _printf_d.o(.ARM.Collect$$_printf_percent$$00000009) for _printf_d
    main.o(i.drv_LCD_Proc) refers to _printf_dec.o(.text) for _printf_int_dec
    main.o(i.drv_LCD_Proc) refers to drv_adc.o(i.drv_ADC_Value) for drv_ADC_Value
    main.o(i.drv_LCD_Proc) refers to drv_dht11.o(i.DHT11_Read_Data) for DHT11_Read_Data
    main.o(i.drv_LCD_Proc) refers to main.o(i.drv_LED_PWM) for drv_LED_PWM
    main.o(i.drv_LCD_Proc) refers to oled.o(i.OLED_ShowChinese) for OLED_ShowChinese
    main.o(i.drv_LCD_Proc) refers to oled.o(i.OLED_Refresh) for OLED_Refresh
    main.o(i.drv_LCD_Proc) refers to oled.o(i.OLED_Clear) for OLED_Clear
    main.o(i.drv_LCD_Proc) refers to oled.o(i.OLED_ShowString) for OLED_ShowString
    main.o(i.drv_LCD_Proc) refers to noretval__2sprintf.o(.text) for __2sprintf
    main.o(i.drv_LCD_Proc) refers to stm32f4xx_gpio.o(i.GPIO_ResetBits) for GPIO_ResetBits
    main.o(i.drv_LCD_Proc) refers to stm32f4xx_gpio.o(i.GPIO_SetBits) for GPIO_SetBits
    main.o(i.drv_LCD_Proc) refers to drv_led.o(i.BEEP_ON) for BEEP_ON
    main.o(i.drv_LCD_Proc) refers to drv_led.o(i.BEEP_OFF) for BEEP_OFF
    main.o(i.drv_LCD_Proc) refers to f2d.o(x$fpl$f2d) for __aeabi_f2d
    main.o(i.drv_LCD_Proc) refers to main.o(.data) for Humidity
    main.o(i.drv_LCD_Proc) refers to drv_adc.o(.data) for light
    main.o(i.drv_LED_PWM) refers to stm32f4xx_tim.o(i.TIM_SetCompare1) for TIM_SetCompare1
    main.o(i.drv_LED_PWM) refers to drv_systick.o(i.drv_Systick_delayms) for drv_Systick_delayms
    main.o(i.drv_LED_PWM) refers to drv_adc.o(.data) for light
    main.o(i.main) refers to drv_systick.o(i.drv_Systick_Init) for drv_Systick_Init
    main.o(i.main) refers to misc.o(i.NVIC_PriorityGroupConfig) for NVIC_PriorityGroupConfig
    main.o(i.main) refers to drv_key.o(i.drv_KEY_Init) for drv_KEY_Init
    main.o(i.main) refers to oled.o(i.OLED_Init) for OLED_Init
    main.o(i.main) refers to drv_led.o(i.drv_LED_Init) for drv_LED_Init
    main.o(i.main) refers to drv_beep.o(i.drv_BEEP_Init) for drv_BEEP_Init
    main.o(i.main) refers to drv_tim.o(i.drv_TIM1_Init) for drv_TIM1_Init
    main.o(i.main) refers to drv_tim.o(i.drv_TIM6_Init) for drv_TIM6_Init
    main.o(i.main) refers to drv_adc.o(i.drv_ADC1_Init) for drv_ADC1_Init
    main.o(i.main) refers to drv_dht11.o(i.drv_DHT11_Init) for drv_DHT11_Init
    main.o(i.main) refers to drv_usart.o(i.drv_USART1_Init) for drv_USART1_Init
    main.o(i.main) refers to drv_usart.o(i.drv_USART2_Init) for drv_USART2_Init
    main.o(i.main) refers to main.o(i.drv_LCD_Proc) for drv_LCD_Proc
    main.o(i.main) refers to main.o(i.drv_KEY_Proc) for drv_KEY_Proc
    main.o(i.main) refers to main.o(i.drv_FAN_Proc) for drv_FAN_Proc
    stm32f4xx_it.o(i.TIM6_DAC_IRQHandler) refers to stm32f4xx_tim.o(i.TIM_GetITStatus) for TIM_GetITStatus
    stm32f4xx_it.o(i.TIM6_DAC_IRQHandler) refers to drv_key.o(i.key_serv) for key_serv
    stm32f4xx_it.o(i.TIM6_DAC_IRQHandler) refers to stm32f4xx_tim.o(i.TIM_ClearITPendingBit) for TIM_ClearITPendingBit
    oled.o(i.I2C_Start) refers to stm32f4xx_gpio.o(i.GPIO_SetBits) for GPIO_SetBits
    oled.o(i.I2C_Start) refers to oled.o(i.IIC_delay) for IIC_delay
    oled.o(i.I2C_Start) refers to stm32f4xx_gpio.o(i.GPIO_ResetBits) for GPIO_ResetBits
    oled.o(i.I2C_Stop) refers to stm32f4xx_gpio.o(i.GPIO_ResetBits) for GPIO_ResetBits
[...]
    i.ADC_Cmd                                0x080015da   Section        0  stm32f4xx_adc.o(i.ADC_Cmd)
    i.ADC_CommonInit                         0x080015f0   Section        0  stm32f4xx_adc.o(i.ADC_CommonInit)
    i.ADC_DMACmd                             0x08001620   Section        0  stm32f4xx_adc.o(i.ADC_DMACmd)
    i.ADC_DMARequestAfterLastTransferCmd     0x08001636   Section        0  stm32f4xx_adc.o(i.ADC_DMARequestAfterLastTransferCmd)
    i.ADC_Init                               0x0800164c   Section        0  stm32f4xx_adc.o(i.ADC_Init)
    i.ADC_RegularChannelConfig               0x080016a0   Section        0  stm32f4xx_adc.o(i.ADC_RegularChannelConfig)
    i.ADC_SoftwareStartConv                  0x08001758   Section        0  stm32f4xx_adc.o(i.ADC_SoftwareStartConv)
    i.BEEP_Circle                            0x08001762   Section        0  drv_led.o(i.BEEP_Circle)
    i.BEEP_OFF                               0x080017a4   Section        0  drv_led.o(i.BEEP_OFF)
    i.BEEP_ON                                0x080017b8   Section        0  drv_led.o(i.BEEP_ON)
    i.BusFault_Handler                       0x080017cc   Section        0  stm32f4xx_it.o(i.BusFault_Handler)
    i.DHT11_Check                            0x080017d0   Section        0  drv_dht11.o(i.DHT11_Check)
    i.DHT11_IO_IN                            0x08001828   Section        0  drv_dht11.o(i.DHT11_IO_IN)
    i.DHT11_IO_OUT                           0x08001850   Section        0  drv_dht11.o(i.DHT11_IO_OUT)
    i.DHT11_Read_Bit                         0x08001880   Section        0  drv_dht11.o(i.DHT11_Read_Bit)
    i.DHT11_Read_Byte                        0x080018d8   Section        0  drv_dht11.o(i.DHT11_Read_Byte)
    i.DHT11_Read_Data                        0x080018f6   Section        0  drv_dht11.o(i.DHT11_Read_Data)
    i.DHT11_Rst                              0x08001960   Section        0  drv_dht11.o(i.DHT11_Rst)
    i.DMA_Cmd                                0x08001988   Section        0  stm32f4xx_dma.o(i.DMA_Cmd)
    i.DMA_Init                               0x080019a0   Section        0  stm32f4xx_dma.o(i.DMA_Init)
    i.DebugMon_Handler                       0x080019f8   Section        0  stm32f4xx_it.o(i.DebugMon_Handler)
    i.FAN_OFF                                0x080019fc   Section        0  drv_led.o(i.FAN_OFF)
    i.FAN_ON                                 0x08001a10   Section        0  drv_led.o(i.FAN_ON)
    i.GPIO_Init                              0x08001a24   Section        0  stm32f4xx_gpio.o(i.GPIO_Init)
    i.GPIO_PinAFConfig                       0x08001ab4   Section        0  stm32f4xx_gpio.o(i.GPIO_PinAFConfig)
    i.GPIO_ReadInputDataBit                  0x08001afa   Section        0  stm32f4xx_gpio.o(i.GPIO_ReadInputDataBit)
    i.GPIO_ResetBits                         0x08001b0c   Section        0  stm32f4xx_gpio.o(i.GPIO_ResetBits)
    i.GPIO_SetBits                           0x08001b10   Section        0  stm32f4xx_gpio.o(i.GPIO_SetBits)
    i.HardFault_Handler                      0x08001b14   Section        0  stm32f4xx_it.o(i.HardFault_Handler)
    i.I2C_Start                              0x08001b18   Section        0  oled.o(i.I2C_Start)
    i.I2C_Stop                               0x08001b4c   Section        0  oled.o(i.I2C_Stop)
    i.I2C_WaitAck                            0x08001b70   Section        0  oled.o(i.I2C_WaitAck)
    i.IIC_delay                              0x08001b9c   Section        0  oled.o(i.IIC_delay)
    i.LED3_OFF                               0x08001bac   Section        0  drv_led.o(i.LED3_OFF)
    i.LED3_ON                                0x08001bc0   Section        0  drv_led.o(i.LED3_ON)
    i.LED_OFF                                0x08001bd4   Section        0  drv_led.o(i.LED_OFF)
    i.MemManage_Handler                      0x08001bfc   Section        0  stm32f4xx_it.o(i.MemManage_Handler)
    i.NMI_Handler                            0x08001c00   Section        0  stm32f4xx_it.o(i.NMI_Handler)
    i.NVIC_Init                              0x08001c04   Section        0  misc.o(i.NVIC_Init)
    i.NVIC_PriorityGroupConfig               0x08001c7c   Section        0  misc.o(i.NVIC_PriorityGroupConfig)
    i.OLED_Clear                             0x08001c90   Section        0  oled.o(i.OLED_Clear)
    i.OLED_DrawPoint                         0x08001cb8   Section        0  oled.o(i.OLED_DrawPoint)
    i.OLED_Init                              0x08001d30   Section        0  oled.o(i.OLED_Init)
    i.OLED_Refresh                           0x08001e70   Section        0  oled.o(i.OLED_Refresh)
    i.OLED_ShowChar                          0x08001ed8   Section        0  oled.o(i.OLED_ShowChar)
    i.OLED_ShowChinese                       0x08002014   Section        0  oled.o(i.OLED_ShowChinese)
    i.OLED_ShowString                        0x08002118   Section        0  oled.o(i.OLED_ShowString)
    i.OLED_WR_Byte                           0x08002162   Section        0  oled.o(i.OLED_WR_Byte)
    i.RCC_AHB1PeriphClockCmd                 0x0800219c   Section        0  stm32f4xx_rcc.o(i.RCC_AHB1PeriphClockCmd)
    i.RCC_APB1PeriphClockCmd                 0x080021bc   Section        0  stm32f4xx_rcc.o(i.RCC_APB1PeriphClockCmd)
    i.RCC_APB2PeriphClockCmd                 0x080021dc   Section        0  stm32f4xx_rcc.o(i.RCC_APB2PeriphClockCmd)
    i.RCC_GetClocksFreq                      0x080021fc   Section        0  stm32f4xx_rcc.o(i.RCC_GetClocksFreq)
    i.Send_Byte                              0x080022e4   Section        0  oled.o(i.Send_Byte)
    i.SetSysClock                            0x08002330   Section        0  system_stm32f4xx.o(i.SetSysClock)
    SetSysClock                              0x08002331   Thumb Code   220  system_stm32f4xx.o(i.SetSysClock)
    i.SysTick_Handler                        0x0800241c   Section        0  port.o(i.SysTick_Handler)
    i.SystemInit                             0x08002450   Section        0  system_stm32f4xx.o(i.SystemInit)
    i.TIM6_DAC_IRQHandler                    0x080024b8   Section        0  stm32f4xx_it.o(i.TIM6_DAC_IRQHandler)
    i.TIM_ARRPreloadConfig                   0x080024d8   Section        0  stm32f4xx_tim.o(i.TIM_ARRPreloadConfig)
    i.TIM_ClearITPendingBit                  0x080024f0   Section        0  stm32f4xx_tim.o(i.TIM_ClearITPendingBit)
    i.TIM_Cmd                                0x080024f6   Section        0  stm32f4xx_tim.o(i.TIM_Cmd)
    i.TIM_CtrlPWMOutputs                     0x0800250e   Section        0  stm32f4xx_tim.o(i.TIM_CtrlPWMOutputs)
    i.TIM_GetITStatus                        0x0800252c   Section        0  stm32f4xx_tim.o(i.TIM_GetITStatus)
    i.TIM_ITConfig                           0x0800254e   Section        0  stm32f4xx_tim.o(i.TIM_ITConfig)
    i.TIM_OC1Init                            0x08002560   Section        0  stm32f4xx_tim.o(i.TIM_OC1Init)
    i.TIM_OC1PreloadConfig                   0x080025dc   Section        0  stm32f4xx_tim.o(i.TIM_OC1PreloadConfig)
    i.TIM_SetCompare1                        0x080025ee   Section        0  stm32f4xx_tim.o(i.TIM_SetCompare1)
    i.TIM_TimeBaseInit                       0x080025f4   Section        0  stm32f4xx_tim.o(i.TIM_TimeBaseInit)
    i.USART1_IRQHandler                      0x08002678   Section        0  drv_usart.o(i.USART1_IRQHandler)
    i.USART2_IRQHandler                      0x080026bc   Section        0  drv_usart.o(i.USART2_IRQHandler)
    i.USART_ClearFlag                        0x080027cc   Section        0  stm32f4xx_usart.o(i.USART_ClearFlag)
    i.USART_ClearITPendingBit                0x080027de   Section        0  stm32f4xx_usart.o(i.USART_ClearITPendingBit)
    i.USART_Cmd                              0x080027fc   Section        0  stm32f4xx_usart.o(i.USART_Cmd)
    i.USART_GetITStatus                      0x08002814   Section        0  stm32f4xx_usart.o(i.USART_GetITStatus)
    i.USART_ITConfig                         0x08002868   Section        0  stm32f4xx_usart.o(i.USART_ITConfig)
    i.USART_Init                             0x080028b4   Section        0  stm32f4xx_usart.o(i.USART_Init)
    i.USART_ReceiveData                      0x08002980   Section        0  stm32f4xx_usart.o(i.USART_ReceiveData)
    i.USART_SendData                         0x0800298a   Section        0  stm32f4xx_usart.o(i.USART_SendData)
    i.UsageFault_Handler                     0x08002992   Section        0  stm32f4xx_it.o(i.UsageFault_Handler)
    i.__ARM_fpclassify                       0x08002996   Section        0  fpclassify.o(i.__ARM_fpclassify)
    i._is_digit                              0x080029c6   Section        0  __printf_wp.o(i._is_digit)
    i.drv_ADC1_Init                          0x080029d4   Section        0  drv_adc.o(i.drv_ADC1_Init)
    i.drv_ADC_Value                          0x08002ac8   Section        0  drv_adc.o(i.drv_ADC_Value)
    i.drv_BEEP_Init                          0x08002b5c   Section        0  drv_beep.o(i.drv_BEEP_Init)
    i.drv_DHT11_Init                         0x08002b90   Section        0  drv_dht11.o(i.drv_DHT11_Init)
    i.drv_FAN_Proc                           0x08002bc8   Section        0  main.o(i.drv_FAN_Proc)
    i.drv_KEY_Init                           0x08002bf0   Section        0  drv_key.o(i.drv_KEY_Init)
    i.drv_KEY_Proc                           0x08002c40   Section        0  main.o(i.drv_KEY_Proc)
    i.drv_LCD_Proc                           0x08002de4   Section        0  main.o(i.drv_LCD_Proc)
    i.drv_LED_Init                           0x080032c0   Section        0  drv_led.o(i.drv_LED_Init)
    i.drv_LED_PWM                            0x08003328   Section        0  main.o(i.drv_LED_PWM)
    i.drv_Systick_Init                       0x080033f4   Section        0  drv_systick.o(i.drv_Systick_Init)
    i.drv_Systick_delayms                    0x08003434   Section        0  drv_systick.o(i.drv_Systick_delayms)
    i.drv_Systick_delayus                    0x0800346c   Section        0  drv_systick.o(i.drv_Systick_delayus)
    i.drv_Systick_delayxms                   0x080034b4   Section        0  drv_systick.o(i.drv_Systick_delayxms)
    i.drv_TIM1_Init                          0x080034f8   Section        0  drv_tim.o(i.drv_TIM1_Init)
    i.drv_TIM6_Init                          0x080035b4   Section        0  drv_tim.o(i.drv_TIM6_Init)
    i.drv_USART1_Init                        0x08003618   Section        0  drv_usart.o(i.drv_USART1_Init)
    i.drv_USART2_Init                        0x080036d0   Section        0  drv_usart.o(i.drv_USART2_Init)
    i.key_read                               0x08003798   Section        0  drv_key.o(i.key_read)
    i.key_serv                               0x080037e0   Section        0  drv_key.o(i.key_serv)
    i.main                                   0x08003824   Section        0  main.o(i.main)
    i.prvResetNextTaskUnblockTime            0x0800386c   Section        0  tasks.o(i.prvResetNextTaskUnblockTime)
    prvResetNextTaskUnblockTime              0x0800386d   Thumb Code    42  tasks.o(i.prvResetNextTaskUnblockTime)
    i.uxListRemove                           0x080038a0   Section        0  list.o(i.uxListRemove)
    i.vListInsertEnd                         0x080038c8   Section        0  list.o(i.vListInsertEnd)
    i.vTaskSwitchContext                     0x080038e0   Section        0  tasks.o(i.vTaskSwitchContext)
    i.xTaskIncrementTick                     0x0800396c   Section        0  tasks.o(i.xTaskIncrementTick)
    locale$$code                             0x08003ab4   Section       44  lc_numeric_c.o(locale$$code)
    x$fpl$d2f                                0x08003ae0   Section       98  d2f.o(x$fpl$d2f)
    $v0                                      0x08003ae0   Number         0  d2f.o(x$fpl$d2f)
    x$fpl$dadd                               0x08003b44   Section      336  daddsub_clz.o(x$fpl$dadd)
    $v0                                      0x08003b44   Number         0  daddsub_clz.o(x$fpl$dadd)
    _dadd1                                   0x08003b55   Thumb Code     0  daddsub_clz.o(x$fpl$dadd)
    x$fpl$dmul                               0x08003c94   Section      340  dmul.o(x$fpl$dmul)
    $v0                                      0x08003c94   Number         0  dmul.o(x$fpl$dmul)
    x$fpl$dnaninf                            0x08003de8   Section      156  dnaninf.o(x$fpl$dnaninf)
    $v0                                      0x08003de8   Number         0  dnaninf.o(x$fpl$dnaninf)
    x$fpl$dretinf                            0x08003e84   Section       12  dretinf.o(x$fpl$dretinf)
    $v0                                      0x08003e84   Number         0  dretinf.o(x$fpl$dretinf)
    x$fpl$drsb                               0x08003e90   Section       22  daddsub_clz.o(x$fpl$drsb)
    $v0                                      0x08003e90   Number         0  daddsub_clz.o(x$fpl$drsb)
    x$fpl$dsub                               0x08003ea8   Section      468  daddsub_clz.o(x$fpl$dsub)
    $v0                                      0x08003ea8   Number         0  daddsub_clz.o(x$fpl$dsub)
    _dsub1                                   0x08003eb9   Thumb Code     0  daddsub_clz.o(x$fpl$dsub)
    x$fpl$f2d                                0x0800407c   Section       86  f2d.o(x$fpl$f2d)
    $v0                                      0x0800407c   Number         0  f2d.o(x$fpl$f2d)
    x$fpl$fnaninf                            0x080040d2   Section      140  fnaninf.o(x$fpl$fnaninf)
    $v0                                      0x080040d2   Number         0  fnaninf.o(x$fpl$fnaninf)
    x$fpl$fpinit                             0x0800415e   Section       10  fpinit.o(x$fpl$fpinit)
    $v0                                      0x0800415e   Number         0  fpinit.o(x$fpl$fpinit)
    x$fpl$fretinf                            0x08004168   Section       10  fretinf.o(x$fpl$fretinf)
    $v0                                      0x08004168   Number         0  fretinf.o(x$fpl$fretinf)
    x$fpl$printf1                            0x08004172   Section        4  printf1.o(x$fpl$printf1)
    $v0                                      0x08004172   Number         0  printf1.o(x$fpl$printf1)
    .constdata                               0x08004176   Section     7792  oled.o(.constdata)
    x$fpl$usenofp                            0x08004176   Section        0  usenofp.o(x$fpl$usenofp)
    .constdata                               0x08005fe8   Section      148  bigflt0.o(.constdata)
    tenpwrs_x                                0x08005fe8   Data          60  bigflt0.o(.constdata)
    tenpwrs_i                                0x08006024   Data          64  bigflt0.o(.constdata)
    locale$$data                             0x0800609c   Section       28  lc_numeric_c.o(locale$$data)
    __lcnum_c_name                           0x080060a0   Data           2  lc_numeric_c.o(locale$$data)
    __lcnum_c_start                          0x080060a8   Data           0  lc_numeric_c.o(locale$$data)
    __lcnum_c_point                          0x080060b4   Data           0  lc_numeric_c.o(locale$$data)
    __lcnum_c_thousands                      0x080060b6   Data           0  lc_numeric_c.o(locale$$data)
    __lcnum_c_grouping                       0x080060b7   Data           0  lc_numeric_c.o(locale$$data)
    __lcnum_c_end                            0x080060b8   Data           0  lc_numeric_c.o(locale$$data)
    .data                                    0x20000000   Section     2077  main.o(.data)
    .data                                    0x2000081e   Section        4  drv_systick.o(.data)
    fs_us                                    0x2000081e   Data           1  drv_systick.o(.data)
    fs_ms                                    0x20000820   Data           2  drv_systick.o(.data)
    .data                                    0x20000824   Section        4  drv_adc.o(.data)
    .data                                    0x20000828   Section        5  drv_usart.o(.data)
    .data                                    0x2000082d   Section       16  stm32f4xx_rcc.o(.data)
    APBAHBPrescTable                         0x2000082d   Data          16  stm32f4xx_rcc.o(.data)
    .data                                    0x20000840   Section       60  tasks.o(.data)
    pxDelayedTaskList                        0x20000844   Data           4  tasks.o(.data)
    pxOverflowDelayedTaskList                0x20000848   Data           4  tasks.o(.data)
    uxDeletedTasksWaitingCleanUp             0x2000084c   Data           4  tasks.o(.data)
    uxCurrentNumberOfTasks                   0x20000850   Data           4  tasks.o(.data)
    xTickCount                               0x20000854   Data           4  tasks.o(.data)
    uxTopReadyPriority                       0x20000858   Data           4  tasks.o(.data)
    xSchedulerRunning                        0x2000085c   Data           4  tasks.o(.data)
    uxPendedTicks                            0x20000860   Data           4  tasks.o(.data)
    xYieldPending                            0x20000864   Data           4  tasks.o(.data)
    xNumOfOverflows                          0x20000868   Data           4  tasks.o(.data)
    uxTaskNumber                             0x2000086c   Data           4  tasks.o(.data)
    xNextTaskUnblockTime                     0x20000870   Data           4  tasks.o(.data)
    xIdleTaskHandle                          0x20000874   Data           4  tasks.o(.data)
    uxSchedulerSuspended                     0x20000878   Data           4  tasks.o(.data)
    .bss                                     0x2000087c   Section     1152  oled.o(.bss)
    .bss                                     0x20000cfc   Section       10  drv_key.o(.bss)
    .bss                                     0x20000d06   Section      200  drv_adc.o(.bss)
    .bss                                     0x20000dce   Section      256  drv_usart.o(.bss)
    .bss                                     0x20000ed0   Section      200  tasks.o(.bss)
    pxReadyTasksLists                        0x20000ed0   Data         100  tasks.o(.bss)
    xDelayedTaskList1                        0x20000f34   Data          20  tasks.o(.bss)
    xDelayedTaskList2                        0x20000f48   Data          20  tasks.o(.bss)
    xPendingReadyList                        0x20000f5c   Data          20  tasks.o(.bss)
    xTasksWaitingTermination                 0x20000f70   Data          20  tasks.o(.bss)
    xSuspendedTaskList                       0x20000f84   Data          20  tasks.o(.bss)
    .bss                                     0x20000f98   Section       96  libspace.o(.bss)
    HEAP                                     0x20000ff8   Section      512  startup_stm32f40_41xxx.o(HEAP)
    Heap_Mem                                 0x20000ff8   Data         512  startup_stm32f40_41xxx.o(HEAP)
    STACK                                    0x200011f8   Section     1024  startup_stm32f40_41xxx.o(STACK)
    Stack_Mem                                0x200011f8   Data        1024  startup_stm32f40_41xxx.o(STACK)
    __initial_sp                             0x200015f8   Data           0  startup_stm32f40_41xxx.o(STACK)

    Global Symbols

    Symbol Name                              Value     Ov Type        Size  Object(Section)

    BuildAttributes$$THM_ISAv4$E$P$D$K$B$S$7EM$VFPi3$EXTD16$VFPS$VFMA$PE$A:L22UL41UL21$X:L11$S22US41US21$IEEE1$IW$USESV6$~STKCKD$USESV7$~SHL$OTIME$ROPI$IEEEJ$EBA8$UX$STANDARDLIB$REQ8$PRES8$EABIv2 0x00000000   Number         0  anon$$obj.o ABSOLUTE
    __ARM_use_no_argv                        0x00000000   Number         0  main.o ABSOLUTE
    _printf_flags                            0x00000000   Number         0  printf_stubs.o ABSOLUTE
    _printf_return_value                     0x00000000   Number         0  printf_stubs.o ABSOLUTE
    _printf_sizespec                         0x00000000   Number         0  printf_stubs.o ABSOLUTE
    _printf_widthprec                        0x00000000   Number         0  printf_stubs.o ABSOLUTE
    __ARM_exceptions_init                     - Undefined Weak Reference
    __alloca_initialize                       - Undefined Weak Reference
    __arm_fini_                               - Undefined Weak Reference
    __arm_preinit_                            - Undefined Weak Reference
    __cpp_initialize__aeabi_                  - Undefined Weak Reference
    __cxa_finalize                            - Undefined Weak Reference
    __sigvec_lookup                           - Undefined Weak Reference
    _atexit_init                              - Undefined Weak Reference
    _call_atexit_fns                          - Undefined Weak Reference
    _clock_init                               - Undefined Weak Reference
    _fp_trap_init                             - Undefined Weak Reference
    _fp_trap_shutdown                         - Undefined Weak Reference
    _get_lc_collate                           - Undefined Weak Reference
    _get_lc_ctype                             - Undefined Weak Reference
    _get_lc_monetary                          - Undefined Weak Reference
    _get_lc_time                              - Undefined Weak Reference
    _getenv_init                              - Undefined Weak Reference
    _handle_redirection                       - Undefined Weak Reference
    _init_alloc                               - Undefined Weak Reference
    _init_user_alloc                          - Undefined Weak Reference
    _initio                                   - Undefined Weak Reference
    _printf_mbtowc                            - Undefined Weak Reference
    _printf_post_padding                      - Undefined Weak Reference
    _printf_pre_padding                       - Undefined Weak Reference
    _printf_truncate_signed                   - Undefined Weak Reference
    _printf_truncate_unsigned                 - Undefined Weak Reference
    _rand_init                                - Undefined Weak Reference
    _signal_finish                            - Undefined Weak Reference
    _signal_init                              - Undefined Weak Reference
    _terminate_alloc                          - Undefined Weak Reference
    _terminate_user_alloc                     - Undefined Weak Reference
    _terminateio                              - Undefined Weak Reference
    __Vectors_Size                           0x00000188   Number         0  startup_stm32f40_41xxx.o ABSOLUTE
    __Vectors                                0x08000000   Data           4  startup_stm32f40_41xxx.o(RESET)
    __Vectors_End                            0x08000188   Data           0  startup_stm32f40_41xxx.o(RESET)
    __main                                   0x08000189   Thumb Code     8  __main.o(!!!main)
    __scatterload                            0x08000191   Thumb Code     0  __scatter.o(!!!scatter)
    __scatterload_rt2                        0x08000191   Thumb Code    44  __scatter.o(!!!scatter)
    __scatterload_rt2_thumb_only             0x08000191   Thumb Code     0  __scatter.o(!!!scatter)
    __scatterload_null                       0x0800019f   Thumb Code     0  __scatter.o(!!!scatter)
    __decompress                             0x080001c5   Thumb Code   100  __dclz77c.o(!!dclz77c)
    __decompress2                            0x080001c5   Thumb Code     0  __dclz77c.o(!!dclz77c)
    __scatterload_zeroinit                   0x08000229   Thumb Code    28  __scatter_zi.o(!!handler_zi)
    _printf_f                                0x08000245   Thumb Code     0  _printf_f.o(.ARM.Collect$$_printf_percent$$00000003)
    _printf_percent                          0x08000245   Thumb Code     0  _printf_percent.o(.ARM.Collect$$_printf_percent$$00000000)
    _printf_d                                0x0800024b   Thumb Code     0  _printf_d.o(.ARM.Collect$$_printf_percent$$00000009)
    _printf_c                                0x08000251   Thumb Code     0  _printf_c.o(.ARM.Collect$$_printf_percent$$00000013)
    _printf_percent_end                      0x08000257   Thumb Code     0  _printf_percent_end.o(.ARM.Collect$$_printf_percent$$00000017)
    __rt_lib_init                            0x0800025b   Thumb Code     0  libinit.o(.ARM.Collect$$libinit$$00000000)
    __rt_lib_init_fp_1                       0x0800025d   Thumb Code     0  libinit2.o(.ARM.Collect$$libinit$$00000001)
    __rt_lib_init_heap_1                     0x08000261   Thumb Code     0  libinit2.o(.ARM.Collect$$libinit$$0000000A)
    __rt_lib_init_lc_common                  0x08000261   Thumb Code     0  libinit2.o(.ARM.Collect$$libinit$$0000000F)
    __rt_lib_init_preinit_1                  0x08000261   Thumb Code     0  libinit2.o(.ARM.Collect$$libinit$$00000004)
    __rt_lib_init_rand_1                     0x08000261   Thumb Code     0  libinit2.o(.ARM.Collect$$libinit$$0000000E)
    __rt_lib_init_user_alloc_1               0x08000261   Thumb Code     0  libinit2.o(.ARM.Collect$$libinit$$0000000C)
    __rt_lib_init_lc_collate_1               0x08000267   Thumb Code     0  libinit2.o(.ARM.Collect$$libinit$$00000011)
    __rt_lib_init_lc_ctype_1                 0x08000267   Thumb Code     0  libinit2.o(.ARM.Collect$$libinit$$00000013)
    __rt_lib_init_lc_monetary_1              0x08000267   Thumb Code     0  libinit2.o(.ARM.Collect$$libinit$$00000015)
    __rt_lib_init_lc_numeric_2               0x08000267   Thumb Code     0  libinit2.o(.ARM.Collect$$libinit$$00000016)
    __rt_lib_init_alloca_1                   0x08000271   Thumb Code     0  libinit2.o(.ARM.Collect$$libinit$$0000002E)
    __rt_lib_init_argv_1                     0x08000271   Thumb Code     0  libinit2.o(.ARM.Collect$$libinit$$0000002C)
    __rt_lib_init_atexit_1                   0x08000271   Thumb Code     0  libinit2.o(.ARM.Collect$$libinit$$0000001B)
    __rt_lib_init_clock_1                    0x08000271   Thumb Code     0  libinit2.o(.ARM.Collect$$libinit$$00000021)
    __rt_lib_init_cpp_1                      0x08000271   Thumb Code     0  libinit2.o(.ARM.Collect$$libinit$$00000032)
    __rt_lib_init_exceptions_1               0x08000271   Thumb Code     0  libinit2.o(.ARM.Collect$$libinit$$00000030)
    __rt_lib_init_fp_trap_1                  0x08000271   Thumb Code     0  libinit2.o(.ARM.Collect$$libinit$$0000001F)
    __rt_lib_init_getenv_1                   0x08000271   Thumb Code     0  libinit2.o(.ARM.Collect$$libinit$$00000023)
    __rt_lib_init_lc_numeric_1               0x08000271   Thumb Code     0  libinit2.o(.ARM.Collect$$libinit$$00000017)
    __rt_lib_init_lc_time_1                  0x08000271   Thumb Code     0  libinit2.o(.ARM.Collect$$libinit$$00000019)
    __rt_lib_init_return                     0x08000271   Thumb Code     0  libinit2.o(.ARM.Collect$$libinit$$00000033)
    __rt_lib_init_signal_1                   0x08000271   Thumb Code     0  libinit2.o(.ARM.Collect$$libinit$$0000001D)
    __rt_lib_init_stdio_1                    0x08000271   Thumb Code     0  libinit2.o(.ARM.Collect$$libinit$$00000025)
    __rt_lib_shutdown                        0x08000273   Thumb Code     0  libshutdown.o(.ARM.Collect$$libshutdown$$00000000)
    __rt_lib_shutdown_cpp_1                  0x08000275   Thumb Code     0  libshutdown2.o(.ARM.Collect$$libshutdown$$00000004)
    __rt_lib_shutdown_fini_1                 0x08000275   Thumb Code     0  libshutdown2.o(.ARM.Collect$$libshutdown$$00000002)
    __rt_lib_shutdown_fp_trap_1              0x08000275   Thumb Code     0  libshutdown2.o(.ARM.Collect$$libshutdown$$00000009)
    __rt_lib_shutdown_heap_1                 0x08000275   Thumb Code     0  libshutdown2.o(.ARM.Collect$$libshutdown$$00000011)
    __rt_lib_shutdown_return                 0x08000275   Thumb Code     0  libshutdown2.o(.ARM.Collect$$libshutdown$$00000012)
    __rt_lib_shutdown_signal_1               0x08000275   Thumb Code     0  libshutdown2.o(.ARM.Collect$$libshutdown$$0000000C)
    __rt_lib_shutdown_stdio_1                0x08000275   Thumb Code     0  libshutdown2.o(.ARM.Collect$$libshutdown$$00000006)
    __rt_lib_shutdown_user_alloc_1           0x08000275   Thumb Code     0  libshutdown2.o(.ARM.Collect$$libshutdown$$0000000E)
    __rt_entry                               0x08000277   Thumb Code     0  __rtentry.o(.ARM.Collect$$rtentry$$00000000)
    __rt_entry_presh_1                       0x08000277   Thumb Code     0  __rtentry2.o(.ARM.Collect$$rtentry$$00000002)
    __rt_entry_sh                            0x08000277   Thumb Code     0  __rtentry4.o(.ARM.Collect$$rtentry$$00000004)
    __rt_entry_li                            0x0800027d   Thumb Code     0  __rtentry2.o(.ARM.Collect$$rtentry$$0000000A)
    __rt_entry_postsh_1                      0x0800027d   Thumb Code     0  __rtentry2.o(.ARM.Collect$$rtentry$$00000009)
    __rt_entry_main                          0x08000281   Thumb Code     0  __rtentry2.o(.ARM.Collect$$rtentry$$0000000D)
    __rt_entry_postli_1                      0x08000281   Thumb Code     0  __rtentry2.o(.ARM.Collect$$rtentry$$0000000C)
    __rt_exit                                0x08000289   Thumb Code     0  rtexit.o(.ARM.Collect$$rtexit$$00000000)
    __rt_exit_ls                             0x0800028b   Thumb Code     0  rtexit2.o(.ARM.Collect$$rtexit$$00000003)
    __rt_exit_prels_1                        0x0800028b   Thumb Code     0  rtexit2.o(.ARM.Collect$$rtexit$$00000002)
    __rt_exit_exit                           0x0800028f   Thumb Code     0  rtexit2.o(.ARM.Collect$$rtexit$$00000004)
    SVC_Handler                              0x08000295   Thumb Code    28  port.o(.emb_text)
    __asm___6_port_c_39a90d8d__prvStartFirstTask 0x080002b5   Thumb Code    28  port.o(.emb_text)
    __asm___6_port_c_39a90d8d__prvEnableVFP  0x080002d5   Thumb Code    16  port.o(.emb_text)
    PendSV_Handler                           0x080002e9   Thumb Code    88  port.o(.emb_text)
    vPortGetIPSR                             0x08000345   Thumb Code     6  port.o(.emb_text)
    Reset_Handler                            0x0800034d   Thumb Code     8  startup_stm32f40_41xxx.o(.text)
    ADC_IRQHandler                           0x08000367   Thumb Code     0  startup_stm32f40_41xxx.o(.text)
    CAN1_RX0_IRQHandler                      0x08000367   Thumb Code     0  startup_stm32f40_41xxx.o(.text)
    CAN1_RX1_IRQHandler                      0x08000367   Thumb Code     0  startup_stm32f40_41xxx.o(.text)
    CAN1_SCE_IRQHandler                      0x08000367   Thumb Code     0  startup_stm32f40_41xxx.o(.text)
    CAN1_TX_IRQHandler                       0x08000367   Thumb Code     0  startup_stm32f40_41xxx.o(.text)
    CAN2_RX0_IRQHandler                      0x08000367   Thumb Code     0  startup_stm32f40_41xxx.o(.text)
    CAN2_RX1_IRQHandler                      0x08000367   Thumb Code     0  startup_stm32f40_41xxx.o(.text)
    CAN2_SCE_IRQHandler                      0x08000367   Thumb Code     0  startup_stm32f40_41xxx.o(.text)
    CAN2_TX_IRQHandler                       0x08000367   Thumb Code     0  startup_stm32f40_41xxx.o(.text)
    CRYP_IRQHandler                          0x08000367   Thumb Code     0  startup_stm32f40_41xxx.o(.text)
    DCMI_IRQHandler                          0x08000367   Thumb Code     0  startup_stm32f40_41xxx.o(.text)
    DMA1_Stream0_IRQHandler                  0x08000367   Thumb Code     0  startup_stm32f40_41xxx.o(.text)
    DMA1_Stream1_IRQHandler                  0x08000367   Thumb Code     0  startup_stm32f40_41xxx.o(.text)
    DMA1_Stream2_IRQHandler                  0x08000367   Thumb Code     0  startup_stm32f40_41xxx.o(.text)
    DMA1_Stream3_IRQHandler                  0x08000367   Thumb Code     0  startup_stm32f40_41xxx.o(.text)
    DMA1_Stream4_IRQHandler                  0x08000367   Thumb Code     0  startup_stm32f40_41xxx.o(.text)
    DMA1_Stream5_IRQHandler                  0x08000367   Thumb Code     0  startup_stm32f40_41xxx.o(.text)
    DMA1_Stream6_IRQHandler                  0x08000367   Thumb Code     0  startup_stm32f40_41xxx.o(.text)
    DMA1_Stream7_IRQHandler                  0x08000367   Thumb Code     0  startup_stm32f40_41xxx.o(.text)
    DMA2_Stream0_IRQHandler                  0x08000367   Thumb Code     0  startup_stm32f40_41xxx.o(.text)
    DMA2_Stream1_IRQHandler                  0x08000367   Thumb Code     0  startup_stm32f40_41xxx.o(.text)
    DMA2_Stream2_IRQHandler                  0x08000367   Thumb Code     0  startup_stm32f40_41xxx.o(.text)
    DMA2_Stream3_IRQHandler                  0x08000367   Thumb Code     0  startup_stm32f40_41xxx.o(.text)
    DMA2_Stream4_IRQHandler                  0x08000367   Thumb Code     0  startup_stm32f40_41xxx.o(.text)
    DMA2_Stream5_IRQHandler                  0x08000367   Thumb Code     0  startup_stm32f40_41xxx.o(.text)
    DMA2_Stream6_IRQHandler                  0x08000367   Thumb Code     0  startup_stm32f40_41xxx.o(.text)
    DMA2_Stream7_IRQHandler                  0x08000367   Thumb Code     0  startup_stm32f40_41xxx.o(.text)
    ETH_IRQHandler                           0x08000367   Thumb Code     0  startup_stm32f40_41xxx.o(.text)
    ETH_WKUP_IRQHandler                      0x08000367   Thumb Code     0  startup_stm32f40_41xxx.o(.text)
    EXTI0_IRQHandler                         0x08000367   Thumb Code     0  startup_stm32f40_41xxx.o(.text)
    EXTI15_10_IRQHandler                     0x08000367   Thumb Code     0  startup_stm32f40_41xxx.o(.text)
    EXTI1_IRQHandler                         0x08000367   Thumb Code     0  startup_stm32f40_41xxx.o(.text)
    EXTI2_IRQHandler                         0x08000367   Thumb Code     0  startup_stm32f40_41xxx.o(.text)
    EXTI3_IRQHandler                         0x08000367   Thumb Code     0  startup_stm32f40_41xxx.o(.text)
    EXTI4_IRQHandler                         0x08000367   Thumb Code     0  startup_stm32f40_41xxx.o(.text)
    EXTI9_5_IRQHandler                       0x08000367   Thumb Code     0  startup_stm32f40_41xxx.o(.text)
    FLASH_IRQHandler                         0x08000367   Thumb Code     0  startup_stm32f40_41xxx.o(.text)
    FPU_IRQHandler                           0x08000367   Thumb Code     0  startup_stm32f40_41xxx.o(.text)
    FSMC_IRQHandler                          0x08000367   Thumb Code     0  startup_stm32f40_41xxx.o(.text)
    HASH_RNG_IRQHandler                      0x08000367   Thumb Code     0  startup_stm32f40_41xxx.o(.text)
    I2C1_ER_IRQHandler                       0x08000367   Thumb Code     0  startup_stm32f40_41xxx.o(.text)
    I2C1_EV_IRQHandler                       0x08000367   Thumb Code     0  startup_stm32f40_41xxx.o(.text)
    I2C2_ER_IRQHandler                       0x08000367   Thumb Code     0  startup_stm32f40_41xxx.o(.text)
    I2C2_EV_IRQHandler                       0x08000367   Thumb Code     0  startup_stm32f40_41xxx.o(.text)
    I2C3_ER_IRQHandler                       0x08000367   Thumb Code     0  startup_stm32f40_41xxx.o(.text)
    I2C3_EV_IRQHandler                       0x08000367   Thumb Code     0  startup_stm32f40_41xxx.o(.text)
    OTG_FS_IRQHandler                        0x08000367   Thumb Code     0  startup_stm32f40_41xxx.o(.text)
    OTG_FS_WKUP_IRQHandler                   0x08000367   Thumb Code     0  startup_stm32f40_41xxx.o(.text)
    OTG_HS_EP1_IN_IRQHandler                 0x08000367   Thumb Code     0  startup_stm32f40_41xxx.o(.text)
    OTG_HS_EP1_OUT_IRQHandler                0x08000367   Thumb Code     0  startup_stm32f40_41xxx.o(.text)
    OTG_HS_IRQHandler                        0x08000367   Thumb Code     0  startup_stm32f40_41xxx.o(.text)
    OTG_HS_WKUP_IRQHandler                   0x08000367   Thumb Code     0  startup_stm32f40_41xxx.o(.text)
    PVD_IRQHandler                           0x08000367   Thumb Code     0  startup_stm32f40_41xxx.o(.text)
    RCC_IRQHandler                           0x08000367   Thumb Code     0  startup_stm32f40_41xxx.o(.text)
    RTC_Alarm_IRQHandler                     0x08000367   Thumb Code     0  startup_stm32f40_41xxx.o(.text)
    RTC_WKUP_IRQHandler                      0x08000367   Thumb Code     0  startup_stm32f40_41xxx.o(.text)
    SDIO_IRQHandler                          0x08000367   Thumb Code     0  startup_stm32f40_41xxx.o(.text)
    SPI1_IRQHandler                          0x08000367   Thumb Code     0  startup_stm32f40_41xxx.o(.text)
    SPI2_IRQHandler                          0x08000367   Thumb Code     0  startup_stm32f40_41xxx.o(.text)
    SPI3_IRQHandler                          0x08000367   Thumb Code     0  startup_stm32f40_41xxx.o(.text)
    TAMP_STAMP_IRQHandler                    0x08000367   Thumb Code     0  startup_stm32f40_41xxx.o(.text)
    TIM1_BRK_TIM9_IRQHandler                 0x08000367   Thumb Code     0  startup_stm32f40_41xxx.o(.text)
    TIM1_CC_IRQHandler                       0x08000367   Thumb Code     0  startup_stm32f40_41xxx.o(.text)
    TIM1_TRG_COM_TIM11_IRQHandler            0x08000367   Thumb Code     0  startup_stm32f40_41xxx.o(.text)
    TIM1_UP_TIM10_IRQHandler                 0x08000367   Thumb Code     0  startup_stm32f40_41xxx.o(.text)
    TIM2_IRQHandler                          0x08000367   Thumb Code     0  startup_stm32f40_41xxx.o(.text)
    TIM3_IRQHandler                          0x08000367   Thumb Code     0  startup_stm32f40_41xxx.o(.text)
    TIM4_IRQHandler                          0x08000367   Thumb Code     0  startup_stm32f40_41xxx.o(.text)
    TIM5_IRQHandler                          0x08000367   Thumb Code     0  startup_stm32f40_41xxx.o(.text)
    TIM7_IRQHandler                          0x08000367   Thumb Code     0  startup_stm32f40_41xxx.o(.text)
    TIM8_BRK_TIM12_IRQHandler                0x08000367   Thumb Code     0  startup_stm32f40_41xxx.o(.text)
    TIM8_CC_IRQHandler                       0x08000367   Thumb Code     0  startup_stm32f40_41xxx.o(.text)
    TIM8_TRG_COM_TIM14_IRQHandler            0x08000367   Thumb Code     0  startup_stm32f40_41xxx.o(.text)
    TIM8_UP_TIM13_IRQHandler                 0x08000367   Thumb Code     0  startup_stm32f40_41xxx.o(.text)
    UART4_IRQHandler                         0x08000367   Thumb Code     0  startup_stm32f40_41xxx.o(.text)
    UART5_IRQHandler                         0x08000367   Thumb Code     0  startup_stm32f40_41xxx.o(.text)
    USART3_IRQHandler                        0x08000367   Thumb Code     0  startup_stm32f40_41xxx.o(.text)
    USART6_IRQHandler                        0x08000367   Thumb Code     0  startup_stm32f40_41xxx.o(.text)
    WWDG_IRQHandler                          0x08000367   Thumb Code     0  startup_stm32f40_41xxx.o(.text)
    __user_initial_stackheap                 0x08000369   Thumb Code     0  startup_stm32f40_41xxx.o(.text)
    __2sprintf                               0x0800038d   Thumb Code    34  noretval__2sprintf.o(.text)
    _printf_str                              0x080003b5   Thumb Code    82  _printf_str.o(.text)
    _printf_int_dec                          0x08000409   Thumb Code   104  _printf_dec.o(.text)
    __printf                                 0x08000481   Thumb Code   270  __printf_wp.o(.text)
    __aeabi_memclr                           0x0800058f   Thumb Code     0  rt_memclr.o(.text)
    __rt_memclr                              0x0800058f   Thumb Code    68  rt_memclr.o(.text)
    _memset                                  0x08000593   Thumb Code     0  rt_memclr.o(.text)
    strcmp                                   0x080005d5   Thumb Code   128  strcmpv7m.o(.text)
    __use_two_region_memory                  0x08000655   Thumb Code     2  heapauxi.o(.text)
    __rt_heap_escrow$2region                 0x08000657   Thumb Code     2  heapauxi.o(.text)
    __rt_heap_expand$2region                 0x08000659   Thumb Code     2  heapauxi.o(.text)
    _printf_int_common                       0x0800065b   Thumb Code   178  _printf_intcommon.o(.text)
    __lib_sel_fp_printf                      0x0800070d   Thumb Code     2  _printf_fp_dec.o(.text)
    _printf_fp_dec_real                      0x080008bf   Thumb Code   620  _printf_fp_dec.o(.text)
    _printf_char_common                      0x08000b37   Thumb Code    32  _printf_char_common.o(.text)
    _sputc                                   0x08000b5d   Thumb Code    10  _sputc.o(.text)
    _printf_cs_common                        0x08000b67   Thumb Code    20  _printf_char.o(.text)
    _printf_char                             0x08000b7b   Thumb Code    16  _printf_char.o(.text)
    _printf_string                           0x08000b8b   Thumb Code     8  _printf_char.o(.text)
    __aeabi_memclr4                          0x08000b93   Thumb Code     0  rt_memclr_w.o(.text)
    __aeabi_memclr8                          0x08000b93   Thumb Code     0  rt_memclr_w.o(.text)
    __rt_memclr_w                            0x08000b93   Thumb Code    78  rt_memclr_w.o(.text)
    _memset_w                                0x08000b97   Thumb Code     0  rt_memclr_w.o(.text)
    __rt_locale                              0x08000be1   Thumb Code     8  rt_locale_intlibspace.o(.text)
    _ll_udiv10                               0x08000be9   Thumb Code   138  lludiv10.o(.text)
    _printf_fp_infnan                        0x08000c75   Thumb Code   112  _printf_fp_infnan.o(.text)
    _btod_etento                             0x08000cf5   Thumb Code   224  bigflt0.o(.text)
    __user_libspace                          0x08000dd9   Thumb Code     8  libspace.o(.text)
    __user_perproc_libspace                  0x08000dd9   Thumb Code     0  libspace.o(.text)
    __user_perthread_libspace                0x08000dd9   Thumb Code     0  libspace.o(.text)
    __user_setup_stackheap                   0x08000de1   Thumb Code    74  sys_stackheap_outer.o(.text)
    exit                                     0x08000e2b   Thumb Code    18  exit.o(.text)
    _sys_exit                                0x08000e3d   Thumb Code     8  sys_exit.o(.text)
    __I$use$semihosting                      0x08000e49   Thumb Code     0  use_no_semi.o(.text)
    __use_no_semihosting_swi                 0x08000e49   Thumb Code     2  use_no_semi.o(.text)
    __semihosting_library_function           0x08000e4b   Thumb Code     0  indicate_semi.o(.text)
    _btod_d2e                                0x08000e4b   Thumb Code    62  btod.o(CL$$btod_d2e)
    _d2e_denorm_low                          0x08000e89   Thumb Code    70  btod.o(CL$$btod_d2e_denorm_low)
    _d2e_norm_op1                            0x08000ecf   Thumb Code    96  btod.o(CL$$btod_d2e_norm_op1)
    __btod_div_common                        0x08000f2f   Thumb Code   696  btod.o(CL$$btod_div_common)
    _e2e                                     0x08001267   Thumb Code   220  btod.o(CL$$btod_e2e)
    _btod_ediv                               0x08001343   Thumb Code    42  btod.o(CL$$btod_ediv)
    _btod_emul                               0x0800136d   Thumb Code    42  btod.o(CL$$btod_emul)
    __btod_mult_common                       0x08001397   Thumb Code   580  btod.o(CL$$btod_mult_common)
    ADC_Cmd                                  0x080015db   Thumb Code    22  stm32f4xx_adc.o(i.ADC_Cmd)
    ADC_CommonInit                           0x080015f1   Thumb Code    34  stm32f4xx_adc.o(i.ADC_CommonInit)
    ADC_DMACmd                               0x08001621   Thumb Code    22  stm32f4xx_adc.o(i.ADC_DMACmd)
    ADC_DMARequestAfterLastTransferCmd       0x08001637   Thumb Code    22  stm32f4xx_adc.o(i.ADC_DMARequestAfterLastTransferCmd)
    ADC_Init                                 0x0800164d   Thumb Code    74  stm32f4xx_adc.o(i.ADC_Init)
    ADC_RegularChannelConfig                 0x080016a1   Thumb Code   184  stm32f4xx_adc.o(i.ADC_RegularChannelConfig)
    ADC_SoftwareStartConv                    0x08001759   Thumb Code    10  stm32f4xx_adc.o(i.ADC_SoftwareStartConv)
    BEEP_Circle                              0x08001763   Thumb Code    66  drv_led.o(i.BEEP_Circle)
    BEEP_OFF                                 0x080017a5   Thumb Code    14  drv_led.o(i.BEEP_OFF)
    BEEP_ON                                  0x080017b9   Thumb Code    14  drv_led.o(i.BEEP_ON)
    BusFault_Handler                         0x080017cd   Thumb Code     4  stm32f4xx_it.o(i.BusFault_Handler)
    DHT11_Check                              0x080017d1   Thumb Code    82  drv_dht11.o(i.DHT11_Check)
    DHT11_IO_IN                              0x08001829   Thumb Code    36  drv_dht11.o(i.DHT11_IO_IN)
    DHT11_IO_OUT                             0x08001851   Thumb Code    42  drv_dht11.o(i.DHT11_IO_OUT)
    DHT11_Read_Bit                           0x08001881   Thumb Code    82  drv_dht11.o(i.DHT11_Read_Bit)
    DHT11_Read_Byte                          0x080018d9   Thumb Code    30  drv_dht11.o(i.DHT11_Read_Byte)
    DHT11_Read_Data                          0x080018f7   Thumb Code   104  drv_dht11.o(i.DHT11_Read_Data)
    DHT11_Rst                                0x08001961   Thumb Code    36  drv_dht11.o(i.DHT11_Rst)
    DMA_Cmd                                  0x08001989   Thumb Code    22  stm32f4xx_dma.o(i.DMA_Cmd)
    DMA_Init                                 0x080019a1   Thumb Code    82  stm32f4xx_dma.o(i.DMA_Init)
    DebugMon_Handler                         0x080019f9   Thumb Code     2  stm32f4xx_it.o(i.DebugMon_Handler)
    FAN_OFF                                  0x080019fd   Thumb Code    14  drv_led.o(i.FAN_OFF)
    FAN_ON                                   0x08001a11   Thumb Code    14  drv_led.o(i.FAN_ON)
    GPIO_Init                                0x08001a25   Thumb Code   144  stm32f4xx_gpio.o(i.GPIO_Init)
    GPIO_PinAFConfig                         0x08001ab5   Thumb Code    70  stm32f4xx_gpio.o(i.GPIO_PinAFConfig)
    GPIO_ReadInputDataBit                    0x08001afb   Thumb Code    18  stm32f4xx_gpio.o(i.GPIO_ReadInputDataBit)
    GPIO_ResetBits                           0x08001b0d   Thumb Code     4  stm32f4xx_gpio.o(i.GPIO_ResetBits)
    GPIO_SetBits                             0x08001b11   Thumb Code     4  stm32f4xx_gpio.o(i.GPIO_SetBits)
    HardFault_Handler                        0x08001b15   Thumb Code     4  stm32f4xx_it.o(i.HardFault_Handler)
    I2C_Start                                0x08001b19   Thumb Code    48  oled.o(i.I2C_Start)
    I2C_Stop                                 0x08001b4d   Thumb Code    32  oled.o(i.I2C_Stop)
    I2C_WaitAck                              0x08001b71   Thumb Code    40  oled.o(i.I2C_WaitAck)
    IIC_delay                                0x08001b9d   Thumb Code    16  oled.o(i.IIC_delay)
    LED3_OFF                                 0x08001bad   Thumb Code    14  drv_led.o(i.LED3_OFF)
    LED3_ON                                  0x08001bc1   Thumb Code    14  drv_led.o(i.LED3_ON)
    LED_OFF                                  0x08001bd5   Thumb Code    34  drv_led.o(i.LED_OFF)
    MemManage_Handler                        0x08001bfd   Thumb Code     4  stm32f4xx_it.o(i.MemManage_Handler)
    NMI_Handler                              0x08001c01   Thumb Code     2  stm32f4xx_it.o(i.NMI_Handler)
    NVIC_Init                                0x08001c05   Thumb Code   106  misc.o(i.NVIC_Init)
    NVIC_PriorityGroupConfig                 0x08001c7d   Thumb Code    10  misc.o(i.NVIC_PriorityGroupConfig)
    OLED_Clear                               0x08001c91   Thumb Code    36  oled.o(i.OLED_Clear)
    OLED_DrawPoint                           0x08001cb9   Thumb Code   114  oled.o(i.OLED_DrawPoint)
    OLED_Init                                0x08001d31   Thumb Code   314  oled.o(i.OLED_Init)
    OLED_Refresh                             0x08001e71   Thumb Code   100  oled.o(i.OLED_Refresh)
    OLED_ShowChar                            0x08001ed9   Thumb Code   300  oled.o(i.OLED_ShowChar)
    OLED_ShowChinese                         0x08002015   Thumb Code   244  oled.o(i.OLED_ShowChinese)
    OLED_ShowString                          0x08002119   Thumb Code    74  oled.o(i.OLED_ShowString)
    OLED_WR_Byte                             0x08002163   Thumb Code    56  oled.o(i.OLED_WR_Byte)
    RCC_AHB1PeriphClockCmd                   0x0800219d   Thumb Code    26  stm32f4xx_rcc.o(i.RCC_AHB1PeriphClockCmd)
    RCC_APB1PeriphClockCmd                   0x080021bd   Thumb Code    26  stm32f4xx_rcc.o(i.RCC_APB1PeriphClockCmd)
    RCC_APB2PeriphClockCmd                   0x080021dd   Thumb Code    26  stm32f4xx_rcc.o(i.RCC_APB2PeriphClockCmd)
    RCC_GetClocksFreq                        0x080021fd   Thumb Code   214  stm32f4xx_rcc.o(i.RCC_GetClocksFreq)
    Send_Byte                                0x080022e5   Thumb Code    70  oled.o(i.Send_Byte)
    SysTick_Handler                          0x0800241d   Thumb Code    46  port.o(i.SysTick_Handler)
    SystemInit                               0x08002451   Thumb Code    88  system_stm32f4xx.o(i.SystemInit)
    TIM6_DAC_IRQHandler                      0x080024b9   Thumb Code    28  stm32f4xx_it.o(i.TIM6_DAC_IRQHandler)
    TIM_ARRPreloadConfig                     0x080024d9   Thumb Code    24  stm32f4xx_tim.o(i.TIM_ARRPreloadConfig)
    TIM_ClearITPendingBit                    0x080024f1   Thumb Code     6  stm32f4xx_tim.o(i.TIM_ClearITPendingBit)
    TIM_Cmd                                  0x080024f7   Thumb Code    24  stm32f4xx_tim.o(i.TIM_Cmd)
    TIM_CtrlPWMOutputs                       0x0800250f   Thumb Code    30  stm32f4xx_tim.o(i.TIM_CtrlPWMOutputs)
    TIM_GetITStatus                          0x0800252d   Thumb Code    34  stm32f4xx_tim.o(i.TIM_GetITStatus)
    TIM_ITConfig                             0x0800254f   Thumb Code    18  stm32f4xx_tim.o(i.TIM_ITConfig)
    TIM_OC1Init                              0x08002561   Thumb Code   114  stm32f4xx_tim.o(i.TIM_OC1Init)
    TIM_OC1PreloadConfig                     0x080025dd   Thumb Code    18  stm32f4xx_tim.o(i.TIM_OC1PreloadConfig)
    TIM_SetCompare1                          0x080025ef   Thumb Code     4  stm32f4xx_tim.o(i.TIM_SetCompare1)
    TIM_TimeBaseInit                         0x080025f5   Thumb Code   104  stm32f4xx_tim.o(i.TIM_TimeBaseInit)
    USART1_IRQHandler                        0x08002679   Thumb Code    62  drv_usart.o(i.USART1_IRQHandler)
    USART2_IRQHandler                        0x080026bd   Thumb Code   184  drv_usart.o(i.USART2_IRQHandler)
    USART_ClearFlag                          0x080027cd   Thumb Code    18  stm32f4xx_usart.o(i.USART_ClearFlag)
    USART_ClearITPendingBit                  0x080027df   Thumb Code    30  stm32f4xx_usart.o(i.USART_ClearITPendingBit)
    USART_Cmd                                0x080027fd   Thumb Code    24  stm32f4xx_usart.o(i.USART_Cmd)
    USART_GetITStatus                        0x08002815   Thumb Code    84  stm32f4xx_usart.o(i.USART_GetITStatus)
    USART_ITConfig                           0x08002869   Thumb Code    74  stm32f4xx_usart.o(i.USART_ITConfig)
    USART_Init                               0x080028b5   Thumb Code   196  stm32f4xx_usart.o(i.USART_Init)
    USART_ReceiveData                        0x08002981   Thumb Code    10  stm32f4xx_usart.o(i.USART_ReceiveData)
    USART_SendData                           0x0800298b   Thumb Code     8  stm32f4xx_usart.o(i.USART_SendData)
    UsageFault_Handler                       0x08002993   Thumb Code     4  stm32f4xx_it.o(i.UsageFault_Handler)
    __ARM_fpclassify                         0x08002997   Thumb Code    48  fpclassify.o(i.__ARM_fpclassify)
    _is_digit                                0x080029c7   Thumb Code    14  __printf_wp.o(i._is_digit)
    drv_ADC1_Init                            0x080029d5   Thumb Code   222  drv_adc.o(i.drv_ADC1_Init)
    drv_ADC_Value                            0x08002ac9   Thumb Code   114  drv_adc.o(i.drv_ADC_Value)
    drv_BEEP_Init                            0x08002b5d   Thumb Code    48  drv_beep.o(i.drv_BEEP_Init)
    drv_DHT11_Init                           0x08002b91   Thumb Code    50  drv_dht11.o(i.drv_DHT11_Init)
    drv_FAN_Proc                             0x08002bc9   Thumb Code    34  main.o(i.drv_FAN_Proc)
    drv_KEY_Init                             0x08002bf1   Thumb Code    70  drv_key.o(i.drv_KEY_Init)
    drv_KEY_Proc                             0x08002c41   Thumb Code   372  main.o(i.drv_KEY_Proc)
    drv_LCD_Proc                             0x08002de5   Thumb Code  1230  main.o(i.drv_LCD_Proc)
    drv_LED_Init                             0x080032c1   Thumb Code    96  drv_led.o(i.drv_LED_Init)
    drv_LED_PWM                              0x08003329   Thumb Code   186  main.o(i.drv_LED_PWM)
    drv_Systick_Init                         0x080033f5   Thumb Code    56  drv_systick.o(i.drv_Systick_Init)
    drv_Systick_delayms                      0x08003435   Thumb Code    56  drv_systick.o(i.drv_Systick_delayms)
    drv_Systick_delayus                      0x0800346d   Thumb Code    66  drv_systick.o(i.drv_Systick_delayus)
    drv_Systick_delayxms                     0x080034b5   Thumb Code    62  drv_systick.o(i.drv_Systick_delayxms)
    drv_TIM1_Init                            0x080034f9   Thumb Code   178  drv_tim.o(i.drv_TIM1_Init)
    drv_TIM6_Init                            0x080035b5   Thumb Code    96  drv_tim.o(i.drv_TIM6_Init)
    drv_USART1_Init                          0x08003619   Thumb Code   176  drv_usart.o(i.drv_USART1_Init)
    drv_USART2_Init                          0x080036d1   Thumb Code   190  drv_usart.o(i.drv_USART2_Init)
    key_read                                 0x08003799   Thumb Code    64  drv_key.o(i.key_read)
    key_serv                                 0x080037e1   Thumb Code    64  drv_key.o(i.key_serv)
    main                                     0x08003825   Thumb Code    70  main.o(i.main)
    uxListRemove                             0x080038a1   Thumb Code    40  list.o(i.uxListRemove)
    vListInsertEnd                           0x080038c9   Thumb Code    24  list.o(i.vListInsertEnd)
    vTaskSwitchContext                       0x080038e1   Thumb Code   118  tasks.o(i.vTaskSwitchContext)
    xTaskIncrementTick                       0x0800396d   Thumb Code   282  tasks.o(i.xTaskIncrementTick)
    _get_lc_numeric                          0x08003ab5   Thumb Code    44  lc_numeric_c.o(locale$$code)
    __aeabi_d2f                              0x08003ae1   Thumb Code     0  d2f.o(x$fpl$d2f)
    _d2f                                     0x08003ae1   Thumb Code    98  d2f.o(x$fpl$d2f)
    __aeabi_dadd                             0x08003b45   Thumb Code     0  daddsub_clz.o(x$fpl$dadd)
    _dadd                                    0x08003b45   Thumb Code   332  daddsub_clz.o(x$fpl$dadd)
    __aeabi_dmul                             0x08003c95   Thumb Code     0  dmul.o(x$fpl$dmul)
    _dmul                                    0x08003c95   Thumb Code   332  dmul.o(x$fpl$dmul)
    __fpl_dnaninf                            0x08003de9   Thumb Code   156  dnaninf.o(x$fpl$dnaninf)
    __fpl_dretinf                            0x08003e85   Thumb Code    12  dretinf.o(x$fpl$dretinf)
    __aeabi_drsub                            0x08003e91   Thumb Code     0  daddsub_clz.o(x$fpl$drsb)
    _drsb                                    0x08003e91   Thumb Code    22  daddsub_clz.o(x$fpl$drsb)
    __aeabi_dsub                             0x08003ea9   Thumb Code     0  daddsub_clz.o(x$fpl$dsub)
    _dsub                                    0x08003ea9   Thumb Code   464  daddsub_clz.o(x$fpl$dsub)
    __aeabi_f2d                              0x0800407d   Thumb Code     0  f2d.o(x$fpl$f2d)
    _f2d                                     0x0800407d   Thumb Code    86  f2d.o(x$fpl$f2d)
    __fpl_fnaninf                            0x080040d3   Thumb Code   140  fnaninf.o(x$fpl$fnaninf)
    _fp_init                                 0x0800415f   Thumb Code    10  fpinit.o(x$fpl$fpinit)
    __fplib_config_fpu_vfp                   0x08004167   Thumb Code     0  fpinit.o(x$fpl$fpinit)
    __fplib_config_pureend_doubles           0x08004167   Thumb Code     0  fpinit.o(x$fpl$fpinit)
    __fpl_fretinf                            0x08004169   Thumb Code    10  fretinf.o(x$fpl$fretinf)
    _printf_fp_dec                           0x08004173   Thumb Code     4  printf1.o(x$fpl$printf1)
    __I$use$fp                               0x08004176   Number         0  usenofp.o(x$fpl$usenofp)
    asc2_0806                                0x08004176   Data         552  oled.o(.constdata)
    asc2_1206                                0x0800439e   Data        1140  oled.o(.constdata)
    asc2_1608                                0x08004812   Data        1520  oled.o(.constdata)
    asc2_2412                                0x08004e02   Data        3420  oled.o(.constdata)
    Hzk1                                     0x08005b5e   Data         448  oled.o(.constdata)
    Hzk2                                     0x08005d1e   Data          72  oled.o(.constdata)
    Hzk3                                     0x08005d66   Data         128  oled.o(.constdata)
    Hzk4                                     0x08005de6   Data         512  oled.o(.constdata)
    Region$$Table$$Base                      0x0800607c   Number         0  anon$$obj.o(Region$$Table)
    Region$$Table$$Limit                     0x0800609c   Number         0  anon$$obj.o(Region$$Table)
    BMP1                                     0x20000000   Data        1024  main.o(.data)
    BMP2                                     0x20000400   Data        1024  main.o(.data)
    task1Handler                             0x20000800   Data           4  main.o(.data)
    task2Handler                             0x20000804   Data           4  main.o(.data)
    ui                                       0x20000808   Data           1  main.o(.data)
    ui2                                      0x20000809   Data           1  main.o(.data)
    LED1_flag                                0x2000080a   Data           1  main.o(.data)
    BEEP_flag                                0x2000080b   Data           1  main.o(.data)
    Temperature                              0x2000080c   Data           2  main.o(.data)
    Humidity                                 0x2000080e   Data           2  main.o(.data)
    a                                        0x20000810   Data           2  main.o(.data)
    b                                        0x20000812   Data           2  main.o(.data)
    pwmVal                                   0x20000814   Data           2  main.o(.data)
    key1_num                                 0x20000816   Data           1  main.o(.data)
    key2_num                                 0x20000817   Data           1  main.o(.data)
    key3_num                                 0x20000818   Data           1  main.o(.data)
    key1_true                                0x20000819   Data           1  main.o(.data)
    key2_true                                0x2000081a   Data           1  main.o(.data)
    key3_true                                0x2000081b   Data           1  main.o(.data)
    Cnt_Error                                0x2000081c   Data           1  main.o(.data)
    light                                    0x20000824   Data           4  drv_adc.o(.data)
    __stdout                                 0x20000828   Data           4  drv_usart.o(.data)
    USART2_Index                             0x2000082c   Data           1  drv_usart.o(.data)
    pxCurrentTCB                             0x20000840   Data           4  tasks.o(.data)
    OLED_GRAM                                0x2000087c   Data        1152  oled.o(.bss)
    key                                      0x20000cfc   Data          10  drv_key.o(.bss)
    ADC_BUFF                                 0x20000d06   Data         200  drv_adc.o(.bss)
    USART2_BUF                               0x20000dce   Data         256  drv_usart.o(.bss)
    __libspace_start                         0x20000f98   Data          96  libspace.o(.bss)
    __temporary_stack_top$libspace           0x20000ff8   Data           0  libspace.o(.bss)



==============================================================================

Memory Map of the image

  Image Entry point : 0x08000189

  Load Region LR_IROM1 (Base: 0x08000000, Size: 0x00006934, Max: 0x00080000, ABSOLUTE, COMPRESSED[0x000062b8])

    Execution Region ER_IROM1 (Exec base: 0x08000000, Load base: 0x08000000, Size: 0x000060b8, Max: 0x00080000, ABSOLUTE)

    Exec Addr    Load Addr    Size         Type   Attr      Idx    E Section Name        Object

    0x08000000   0x08000000   0x00000188   Data   RO         5589    RESET               startup_stm32f40_41xxx.o
    0x08000188   0x08000188   0x00000008   Code   RO         6585  * !!!main             c_w.l(__main.o)
    0x08000190   0x08000190   0x00000034   Code   RO         6827    !!!scatter          c_w.l(__scatter.o)
    0x080001c4   0x080001c4   0x00000064   Code   RO         6825    !!dclz77c           c_w.l(__dclz77c.o)
    0x08000228   0x08000228   0x0000001c   Code   RO         6829    !!handler_zi        c_w.l(__scatter_zi.o)
    0x08000244   0x08000244   0x00000000   Code   RO         6574    .ARM.Collect$$_printf_percent$$00000000  c_w.l(_printf_percent.o)
    0x08000244   0x08000244   0x00000006   Code   RO         6573    .ARM.Collect$$_printf_percent$$00000003  c_w.l(_printf_f.o)
    0x0800024a   0x0800024a   0x00000006   Code   RO         6572    .ARM.Collect$$_printf_percent$$00000009  c_w.l(_printf_d.o)
    0x08000250   0x08000250   0x00000006   Code   RO         6571    .ARM.Collect$$_printf_percent$$00000013  c_w.l(_printf_c.o)
    0x08000256   0x08000256   0x00000004   Code   RO         6612    .ARM.Collect$$_printf_percent$$00000017  c_w.l(_printf_percent_end.o)
    0x0800025a   0x0800025a   0x00000002   Code   RO         6696    .ARM.Collect$$libinit$$00000000  c_w.l(libinit.o)
    0x0800025c   0x0800025c   0x00000004   Code   RO         6697    .ARM.Collect$$libinit$$00000001  c_w.l(libinit2.o)
    0x08000260   0x08000260   0x00000000   Code   RO         6700    .ARM.Collect$$libinit$$00000004  c_w.l(libinit2.o)
    0x08000260   0x08000260   0x00000000   Code   RO         6703    .ARM.Collect$$libinit$$0000000A  c_w.l(libinit2.o)
    0x08000260   0x08000260   0x00000000   Code   RO         6705    .ARM.Collect$$libinit$$0000000C  c_w.l(libinit2.o)
    0x08000260   0x08000260   0x00000000   Code   RO         6707    .ARM.Collect$$libinit$$0000000E  c_w.l(libinit2.o)
    0x08000260   0x08000260   0x00000006   Code   RO         6708    .ARM.Collect$$libinit$$0000000F  c_w.l(libinit2.o)
    0x08000266   0x08000266   0x00000000   Code   RO         6710    .ARM.Collect$$libinit$$00000011  c_w.l(libinit2.o)
    0x08000266   0x08000266   0x00000000   Code   RO         6712    .ARM.Collect$$libinit$$00000013  c_w.l(libinit2.o)
    0x08000266   0x08000266   0x00000000   Code   RO         6714    .ARM.Collect$$libinit$$00000015  c_w.l(libinit2.o)
    0x08000266   0x08000266   0x0000000a   Code   RO         6715    .ARM.Collect$$libinit$$00000016  c_w.l(libinit2.o)
    0x08000270   0x08000270   0x00000000   Code   RO         6716    .ARM.Collect$$libinit$$00000017  c_w.l(libinit2.o)
    0x08000270   0x08000270   0x00000000   Code   RO         6718    .ARM.Collect$$libinit$$00000019  c_w.l(libinit2.o)
    0x08000270   0x08000270   0x00000000   Code   RO         6720    .ARM.Collect$$libinit$$0000001B  c_w.l(libinit2.o)
    0x08000270   0x08000270   0x00000000   Code   RO         6722    .ARM.Collect$$libinit$$0000001D  c_w.l(libinit2.o)
    0x08000270   0x08000270   0x00000000   Code   RO         6724    .ARM.Collect$$libinit$$0000001F  c_w.l(libinit2.o)
    0x08000270   0x08000270   0x00000000   Code   RO         6726    .ARM.Collect$$libinit$$00000021  c_w.l(libinit2.o)
    0x08000270   0x08000270   0x00000000   Code   RO         6728    .ARM.Collect$$libinit$$00000023  c_w.l(libinit2.o)
    0x08000270   0x08000270   0x00000000   Code   RO         6730    .ARM.Collect$$libinit$$00000025  c_w.l(libinit2.o)
    0x08000270   0x08000270   0x00000000   Code   RO         6734    .ARM.Collect$$libinit$$0000002C  c_w.l(libinit2.o)
    0x08000270   0x08000270   0x00000000   Code   RO         6736    .ARM.Collect$$libinit$$0000002E  c_w.l(libinit2.o)
    0x08000270   0x08000270   0x00000000   Code   RO         6738    .ARM.Collect$$libinit$$00000030  c_w.l(libinit2.o)
    0x08000270   0x08000270   0x00000000   Code   RO         6740    .ARM.Collect$$libinit$$00000032  c_w.l(libinit2.o)
    0x08000270   0x08000270   0x00000002   Code   RO         6741    .ARM.Collect$$libinit$$00000033  c_w.l(libinit2.o)
    0x08000272   0x08000272   0x00000002   Code   RO         6771    .ARM.Collect$$libshutdown$$00000000  c_w.l(libshutdown.o)
    0x08000274   0x08000274   0x00000000   Code   RO         6782    .ARM.Collect$$libshutdown$$00000002  c_w.l(libshutdown2.o)
    0x08000274   0x08000274   0x00000000   Code   RO         6784    .ARM.Collect$$libshutdown$$00000004  c_w.l(libshutdown2.o)
    0x08000274   0x08000274   0x00000000   Code   RO         6786    .ARM.Collect$$libshutdown$$00000006  c_w.l(libshutdown2.o)
    0x08000274   0x08000274   0x00000000   Code   RO         6789    .ARM.Collect$$libshutdown$$00000009  c_w.l(libshutdown2.o)
    0x08000274   0x08000274   0x00000000   Code   RO         6792    .ARM.Collect$$libshutdown$$0000000C  c_w.l(libshutdown2.o)
    0x08000274   0x08000274   0x00000000   Code   RO         6794    .ARM.Collect$$libshutdown$$0000000E  c_w.l(libshutdown2.o)
    0x08000274   0x08000274   0x00000000   Code   RO         6797    .ARM.Collect$$libshutdown$$00000011  c_w.l(libshutdown2.o)
    0x08000274   0x08000274   0x00000002   Code   RO         6798    .ARM.Collect$$libshutdown$$00000012  c_w.l(libshutdown2.o)
    0x08000276   0x08000276   0x00000000   Code   RO         6601    .ARM.Collect$$rtentry$$00000000  c_w.l(__rtentry.o)
    0x08000276   0x08000276   0x00000000   Code   RO         6627    .ARM.Collect$$rtentry$$00000002  c_w.l(__rtentry2.o)
    0x08000276   0x08000276   0x00000006   Code   RO         6639    .ARM.Collect$$rtentry$$00000004  c_w.l(__rtentry4.o)
    0x0800027c   0x0800027c   0x00000000   Code   RO         6629    .ARM.Collect$$rtentry$$00000009  c_w.l(__rtentry2.o)
    0x0800027c   0x0800027c   0x00000004   Code   RO         6630    .ARM.Collect$$rtentry$$0000000A  c_w.l(__rtentry2.o)
    0x08000280   0x08000280   0x00000000   Code   RO         6632    .ARM.Collect$$rtentry$$0000000C  c_w.l(__rtentry2.o)
    0x08000280   0x08000280   0x00000008   Code   RO         6633    .ARM.Collect$$rtentry$$0000000D  c_w.l(__rtentry2.o)
    0x08000288   0x08000288   0x00000002   Code   RO         6742    .ARM.Collect$$rtexit$$00000000  c_w.l(rtexit.o)
    0x0800028a   0x0800028a   0x00000000   Code   RO         6749    .ARM.Collect$$rtexit$$00000002  c_w.l(rtexit2.o)
    0x0800028a   0x0800028a   0x00000004   Code   RO         6750    .ARM.Collect$$rtexit$$00000003  c_w.l(rtexit2.o)
    0x0800028e   0x0800028e   0x00000006   Code   RO         6751    .ARM.Collect$$rtexit$$00000004  c_w.l(rtexit2.o)
    0x08000294   0x08000294   0x000000b6   Code   RO         6462    .emb_text           port.o
    0x0800034a   0x0800034a   0x00000002   PAD
    0x0800034c   0x0800034c   0x00000040   Code   RO         5590    .text               startup_stm32f40_41xxx.o
    0x0800038c   0x0800038c   0x00000028   Code   RO         6543    .text               c_w.l(noretval__2sprintf.o)
    0x080003b4   0x080003b4   0x00000052   Code   RO         6547    .text               c_w.l(_printf_str.o)
    0x08000406   0x08000406   0x00000002   PAD
    0x08000408   0x08000408   0x00000078   Code   RO         6549    .text               c_w.l(_printf_dec.o)
    0x08000480   0x08000480   0x0000010e   Code   RO         6559    .text               c_w.l(__printf_wp.o)
    0x0800058e   0x0800058e   0x00000044   Code   RO         6579    .text               c_w.l(rt_memclr.o)
    0x080005d2   0x080005d2   0x00000002   PAD
    0x080005d4   0x080005d4   0x00000080   Code   RO         6581    .text               c_w.l(strcmpv7m.o)
    0x08000654   0x08000654   0x00000006   Code   RO         6583    .text               c_w.l(heapauxi.o)
    0x0800065a   0x0800065a   0x000000b2   Code   RO         6602    .text               c_w.l(_printf_intcommon.o)
    0x0800070c   0x0800070c   0x0000041e   Code   RO         6604    .text               c_w.l(_printf_fp_dec.o)
    0x08000b2a   0x08000b2a   0x00000002   PAD
    0x08000b2c   0x08000b2c   0x00000030   Code   RO         6606    .text               c_w.l(_printf_char_common.o)
    0x08000b5c   0x08000b5c   0x0000000a   Code   RO         6608    .text               c_w.l(_sputc.o)
    0x08000b66   0x08000b66   0x0000002c   Code   RO         6610    .text               c_w.l(_printf_char.o)
    0x08000b92   0x08000b92   0x0000004e   Code   RO         6615    .text               c_w.l(rt_memclr_w.o)
    0x08000be0   0x08000be0   0x00000008   Code   RO         6644    .text               c_w.l(rt_locale_intlibspace.o)
    0x08000be8   0x08000be8   0x0000008a   Code   RO         6646    .text               c_w.l(lludiv10.o)
    0x08000c72   0x08000c72   0x00000002   PAD
    0x08000c74   0x08000c74   0x00000080   Code   RO         6648    .text               c_w.l(_printf_fp_infnan.o)
    0x08000cf4   0x08000cf4   0x000000e4   Code   RO         6652    .text               c_w.l(bigflt0.o)
    0x08000dd8   0x08000dd8   0x00000008   Code   RO         6684    .text               c_w.l(libspace.o)
    0x08000de0   0x08000de0   0x0000004a   Code   RO         6687    .text               c_w.l(sys_stackheap_outer.o)
    0x08000e2a   0x08000e2a   0x00000012   Code   RO         6689    .text               c_w.l(exit.o)
    0x08000e3c   0x08000e3c   0x0000000c   Code   RO         6761    .text               c_w.l(sys_exit.o)
    0x08000e48   0x08000e48   0x00000002   Code   RO         6772    .text               c_w.l(use_no_semi.o)
    0x08000e4a   0x08000e4a   0x00000000   Code   RO         6774    .text               c_w.l(indicate_semi.o)
    0x08000e4a   0x08000e4a   0x0000003e   Code   RO         6655    CL$$btod_d2e        c_w.l(btod.o)
    0x08000e88   0x08000e88   0x00000046   Code   RO         6657    CL$$btod_d2e_denorm_low  c_w.l(btod.o)
    0x08000ece   0x08000ece   0x00000060   Code   RO         6656    CL$$btod_d2e_norm_op1  c_w.l(btod.o)
    0x08000f2e   0x08000f2e   0x00000338   Code   RO         6665    CL$$btod_div_common  c_w.l(btod.o)
    0x08001266   0x08001266   0x000000dc   Code   RO         6662    CL$$btod_e2e        c_w.l(btod.o)
    0x08001342   0x08001342   0x0000002a   Code   RO         6659    CL$$btod_ediv       c_w.l(btod.o)
    0x0800136c   0x0800136c   0x0000002a   Code   RO         6658    CL$$btod_emul       c_w.l(btod.o)
    0x08001396   0x08001396   0x00000244   Code   RO         6664    CL$$btod_mult_common  c_w.l(btod.o)
    0x080015da   0x080015da   0x00000016   Code   RO          909    i.ADC_Cmd           stm32f4xx_adc.o
    0x080015f0   0x080015f0   0x00000030   Code   RO          910    i.ADC_CommonInit    stm32f4xx_adc.o
    0x08001620   0x08001620   0x00000016   Code   RO          913    i.ADC_DMACmd        stm32f4xx_adc.o
    0x08001636   0x08001636   0x00000016   Code   RO          914    i.ADC_DMARequestAfterLastTransferCmd  stm32f4xx_adc.o
    0x0800164c   0x0800164c   0x00000054   Code   RO          929    i.ADC_Init          stm32f4xx_adc.o
    0x080016a0   0x080016a0   0x000000b8   Code   RO          934    i.ADC_RegularChannelConfig  stm32f4xx_adc.o
    0x08001758   0x08001758   0x0000000a   Code   RO          936    i.ADC_SoftwareStartConv  stm32f4xx_adc.o
    0x08001762   0x08001762   0x00000042   Code   RO          538    i.BEEP_Circle       drv_led.o
    0x080017a4   0x080017a4   0x00000014   Code   RO          539    i.BEEP_OFF          drv_led.o
    0x080017b8   0x080017b8   0x00000014   Code   RO          540    i.BEEP_ON           drv_led.o
    0x080017cc   0x080017cc   0x00000004   Code   RO          237    i.BusFault_Handler  stm32f4xx_it.o
    0x080017d0   0x080017d0   0x00000058   Code   RO          676    i.DHT11_Check       drv_dht11.o
    0x08001828   0x08001828   0x00000028   Code   RO          677    i.DHT11_IO_IN       drv_dht11.o
    0x08001850   0x08001850   0x00000030   Code   RO          678    i.DHT11_IO_OUT      drv_dht11.o
    0x08001880   0x08001880   0x00000058   Code   RO          679    i.DHT11_Read_Bit    drv_dht11.o
    0x080018d8   0x080018d8   0x0000001e   Code   RO          680    i.DHT11_Read_Byte   drv_dht11.o
    0x080018f6   0x080018f6   0x00000068   Code   RO          681    i.DHT11_Read_Data   drv_dht11.o
    0x0800195e   0x0800195e   0x00000002   PAD
    0x08001960   0x08001960   0x00000028   Code   RO          682    i.DHT11_Rst         drv_dht11.o
    0x08001988   0x08001988   0x00000016   Code   RO         1848    i.DMA_Cmd           stm32f4xx_dma.o
    0x0800199e   0x0800199e   0x00000002   PAD
    0x080019a0   0x080019a0   0x00000058   Code   RO         1860    i.DMA_Init          stm32f4xx_dma.o
    0x080019f8   0x080019f8   0x00000002   Code   RO          238    i.DebugMon_Handler  stm32f4xx_it.o
    0x080019fa   0x080019fa   0x00000002   PAD
    0x080019fc   0x080019fc   0x00000014   Code   RO          541    i.FAN_OFF           drv_led.o
    0x08001a10   0x08001a10   0x00000014   Code   RO          542    i.FAN_ON            drv_led.o
    0x08001a24   0x08001a24   0x00000090   Code   RO         2582    i.GPIO_Init         stm32f4xx_gpio.o
    0x08001ab4   0x08001ab4   0x00000046   Code   RO         2583    i.GPIO_PinAFConfig  stm32f4xx_gpio.o
    0x08001afa   0x08001afa   0x00000012   Code   RO         2586    i.GPIO_ReadInputDataBit  stm32f4xx_gpio.o
    0x08001b0c   0x08001b0c   0x00000004   Code   RO         2589    i.GPIO_ResetBits    stm32f4xx_gpio.o
    0x08001b10   0x08001b10   0x00000004   Code   RO         2590    i.GPIO_SetBits      stm32f4xx_gpio.o
    0x08001b14   0x08001b14   0x00000004   Code   RO          239    i.HardFault_Handler  stm32f4xx_it.o
    0x08001b18   0x08001b18   0x00000034   Code   RO          300    i.I2C_Start         oled.o
    0x08001b4c   0x08001b4c   0x00000024   Code   RO          301    i.I2C_Stop          oled.o
    0x08001b70   0x08001b70   0x0000002c   Code   RO          302    i.I2C_WaitAck       oled.o
    0x08001b9c   0x08001b9c   0x00000010   Code   RO          303    i.IIC_delay         oled.o
    0x08001bac   0x08001bac   0x00000014   Code   RO          543    i.LED3_OFF          drv_led.o
    0x08001bc0   0x08001bc0   0x00000014   Code   RO          544    i.LED3_ON           drv_led.o
    0x08001bd4   0x08001bd4   0x00000028   Code   RO          545    i.LED_OFF           drv_led.o
    0x08001bfc   0x08001bfc   0x00000004   Code   RO          240    i.MemManage_Handler  stm32f4xx_it.o
    0x08001c00   0x08001c00   0x00000002   Code   RO          241    i.NMI_Handler       stm32f4xx_it.o
    0x08001c02   0x08001c02   0x00000002   PAD
    0x08001c04   0x08001c04   0x00000078   Code   RO          859    i.NVIC_Init         misc.o
    0x08001c7c   0x08001c7c   0x00000014   Code   RO          860    i.NVIC_PriorityGroupConfig  misc.o
    0x08001c90   0x08001c90   0x00000028   Code   RO          304    i.OLED_Clear        oled.o
    0x08001cb8   0x08001cb8   0x00000078   Code   RO          311    i.OLED_DrawPoint    oled.o
    0x08001d30   0x08001d30   0x00000140   Code   RO          312    i.OLED_Init         oled.o
    0x08001e70   0x08001e70   0x00000068   Code   RO          314    i.OLED_Refresh      oled.o
    0x08001ed8   0x08001ed8   0x0000013c   Code   RO          316    i.OLED_ShowChar     oled.o
    0x08002014   0x08002014   0x00000104   Code   RO          317    i.OLED_ShowChinese  oled.o
    0x08002118   0x08002118   0x0000004a   Code   RO          320    i.OLED_ShowString   oled.o
    0x08002162   0x08002162   0x00000038   Code   RO          321    i.OLED_WR_Byte      oled.o
    0x0800219a   0x0800219a   0x00000002   PAD
    0x0800219c   0x0800219c   0x00000020   Code   RO         3446    i.RCC_AHB1PeriphClockCmd  stm32f4xx_rcc.o
    0x080021bc   0x080021bc   0x00000020   Code   RO         3455    i.RCC_APB1PeriphClockCmd  stm32f4xx_rcc.o
    0x080021dc   0x080021dc   0x00000020   Code   RO         3458    i.RCC_APB2PeriphClockCmd  stm32f4xx_rcc.o
    0x080021fc   0x080021fc   0x000000e8   Code   RO         3467    i.RCC_GetClocksFreq  stm32f4xx_rcc.o
    0x080022e4   0x080022e4   0x0000004c   Code   RO          322    i.Send_Byte         oled.o
    0x08002330   0x08002330   0x000000ec   Code   RO          822    i.SetSysClock       system_stm32f4xx.o
    0x0800241c   0x0800241c   0x00000034   Code   RO         6463    i.SysTick_Handler   port.o
    0x08002450   0x08002450   0x00000068   Code   RO          824    i.SystemInit        system_stm32f4xx.o
    0x080024b8   0x080024b8   0x00000020   Code   RO          242    i.TIM6_DAC_IRQHandler  stm32f4xx_it.o
    0x080024d8   0x080024d8   0x00000018   Code   RO         4781    i.TIM_ARRPreloadConfig  stm32f4xx_tim.o
    0x080024f0   0x080024f0   0x00000006   Code   RO         4788    i.TIM_ClearITPendingBit  stm32f4xx_tim.o
    0x080024f6   0x080024f6   0x00000018   Code   RO         4793    i.TIM_Cmd           stm32f4xx_tim.o
    0x0800250e   0x0800250e   0x0000001e   Code   RO         4795    i.TIM_CtrlPWMOutputs  stm32f4xx_tim.o
    0x0800252c   0x0800252c   0x00000022   Code   RO         4814    i.TIM_GetITStatus   stm32f4xx_tim.o
    0x0800254e   0x0800254e   0x00000012   Code   RO         4818    i.TIM_ITConfig      stm32f4xx_tim.o
    0x08002560   0x08002560   0x0000007c   Code   RO         4822    i.TIM_OC1Init       stm32f4xx_tim.o
    0x080025dc   0x080025dc   0x00000012   Code   RO         4825    i.TIM_OC1PreloadConfig  stm32f4xx_tim.o
    0x080025ee   0x080025ee   0x00000004   Code   RO         4855    i.TIM_SetCompare1   stm32f4xx_tim.o
    0x080025f2   0x080025f2   0x00000002   PAD
    0x080025f4   0x080025f4   0x00000084   Code   RO         4865    i.TIM_TimeBaseInit  stm32f4xx_tim.o
    0x08002678   0x08002678   0x00000044   Code   RO          764    i.USART1_IRQHandler  drv_usart.o
    0x080026bc   0x080026bc   0x00000110   Code   RO          765    i.USART2_IRQHandler  drv_usart.o
    0x080027cc   0x080027cc   0x00000012   Code   RO         5339    i.USART_ClearFlag   stm32f4xx_usart.o
    0x080027de   0x080027de   0x0000001e   Code   RO         5340    i.USART_ClearITPendingBit  stm32f4xx_usart.o
    0x080027fc   0x080027fc   0x00000018   Code   RO         5343    i.USART_Cmd         stm32f4xx_usart.o
    0x08002814   0x08002814   0x00000054   Code   RO         5347    i.USART_GetITStatus  stm32f4xx_usart.o
    0x08002868   0x08002868   0x0000004a   Code   RO         5349    i.USART_ITConfig    stm32f4xx_usart.o
    0x080028b2   0x080028b2   0x00000002   PAD
    0x080028b4   0x080028b4   0x000000cc   Code   RO         5350    i.USART_Init        stm32f4xx_usart.o
    0x08002980   0x08002980   0x0000000a   Code   RO         5357    i.USART_ReceiveData  stm32f4xx_usart.o
    0x0800298a   0x0800298a   0x00000008   Code   RO         5360    i.USART_SendData    stm32f4xx_usart.o
    0x08002992   0x08002992   0x00000004   Code   RO          243    i.UsageFault_Handler  stm32f4xx_it.o
    0x08002996   0x08002996   0x00000030   Code   RO         6682    i.__ARM_fpclassify  m_wm.l(fpclassify.o)
    0x080029c6   0x080029c6   0x0000000e   Code   RO         6561    i._is_digit         c_w.l(__printf_wp.o)
    0x080029d4   0x080029d4   0x000000f4   Code   RO          646    i.drv_ADC1_Init     drv_adc.o
    0x08002ac8   0x08002ac8   0x00000094   Code   RO          647    i.drv_ADC_Value     drv_adc.o
    0x08002b5c   0x08002b5c   0x00000034   Code   RO          626    i.drv_BEEP_Init     drv_beep.o
    0x08002b90   0x08002b90   0x00000038   Code   RO          683    i.drv_DHT11_Init    drv_dht11.o
    0x08002bc8   0x08002bc8   0x00000028   Code   RO            4    i.drv_FAN_Proc      main.o
    0x08002bf0   0x08002bf0   0x00000050   Code   RO          502    i.drv_KEY_Init      drv_key.o
    0x08002c40   0x08002c40   0x000001a4   Code   RO            5    i.drv_KEY_Proc      main.o
    0x08002de4   0x08002de4   0x000004dc   Code   RO            6    i.drv_LCD_Proc      main.o
    0x080032c0   0x080032c0   0x00000068   Code   RO          546    i.drv_LED_Init      drv_led.o
    0x08003328   0x08003328   0x000000cc   Code   RO            7    i.drv_LED_PWM       main.o
    0x080033f4   0x080033f4   0x00000040   Code   RO          462    i.drv_Systick_Init  drv_systick.o
    0x08003434   0x08003434   0x00000038   Code   RO          463    i.drv_Systick_delayms  drv_systick.o
    0x0800346c   0x0800346c   0x00000048   Code   RO          464    i.drv_Systick_delayus  drv_systick.o
    0x080034b4   0x080034b4   0x00000044   Code   RO          465    i.drv_Systick_delayxms  drv_systick.o
    0x080034f8   0x080034f8   0x000000bc   Code   RO          738    i.drv_TIM1_Init     drv_tim.o
    0x080035b4   0x080035b4   0x00000064   Code   RO          739    i.drv_TIM6_Init     drv_tim.o
    0x08003618   0x08003618   0x000000b8   Code   RO          766    i.drv_USART1_Init   drv_usart.o
    0x080036d0   0x080036d0   0x000000c8   Code   RO          767    i.drv_USART2_Init   drv_usart.o
    0x08003798   0x08003798   0x00000048   Code   RO          503    i.key_read          drv_key.o
    0x080037e0   0x080037e0   0x00000044   Code   RO          504    i.key_serv          drv_key.o
    0x08003824   0x08003824   0x00000046   Code   RO            8    i.main              main.o
    0x0800386a   0x0800386a   0x00000002   PAD
    0x0800386c   0x0800386c   0x00000034   Code   RO         5954    i.prvResetNextTaskUnblockTime  tasks.o
    0x080038a0   0x080038a0   0x00000028   Code   RO         5708    i.uxListRemove      list.o
    0x080038c8   0x080038c8   0x00000018   Code   RO         5712    i.vListInsertEnd    list.o
    0x080038e0   0x080038e0   0x0000008c   Code   RO         5983    i.vTaskSwitchContext  tasks.o
    0x0800396c   0x0800396c   0x00000148   Code   RO         5992    i.xTaskIncrementTick  tasks.o
    0x08003ab4   0x08003ab4   0x0000002c   Code   RO         6678    locale$$code        c_w.l(lc_numeric_c.o)
    0x08003ae0   0x08003ae0   0x00000062   Code   RO         6587    x$fpl$d2f           fz_wm.l(d2f.o)
    0x08003b42   0x08003b42   0x00000002   PAD
    0x08003b44   0x08003b44   0x00000150   Code   RO         6589    x$fpl$dadd          fz_wm.l(daddsub_clz.o)
    0x08003c94   0x08003c94   0x00000154   Code   RO         6595    x$fpl$dmul          fz_wm.l(dmul.o)
    0x08003de8   0x08003de8   0x0000009c   Code   RO         6617    x$fpl$dnaninf       fz_wm.l(dnaninf.o)
    0x08003e84   0x08003e84   0x0000000c   Code   RO         6619    x$fpl$dretinf       fz_wm.l(dretinf.o)
    0x08003e90   0x08003e90   0x00000016   Code   RO         6590    x$fpl$drsb          fz_wm.l(daddsub_clz.o)
    0x08003ea6   0x08003ea6   0x00000002   PAD
    0x08003ea8   0x08003ea8   0x000001d4   Code   RO         6591    x$fpl$dsub          fz_wm.l(daddsub_clz.o)
    0x0800407c   0x0800407c   0x00000056   Code   RO         6597    x$fpl$f2d           fz_wm.l(f2d.o)
    0x080040d2   0x080040d2   0x0000008c   Code   RO         6621    x$fpl$fnaninf       fz_wm.l(fnaninf.o)
    0x0800415e   0x0800415e   0x0000000a   Code   RO         6746    x$fpl$fpinit        fz_wm.l(fpinit.o)
    0x08004168   0x08004168   0x0000000a   Code   RO         6623    x$fpl$fretinf       fz_wm.l(fretinf.o)
    0x08004172   0x08004172   0x00000004   Code   RO         6599    x$fpl$printf1       fz_wm.l(printf1.o)
    0x08004176   0x08004176   0x00000000   Code   RO         6625    x$fpl$usenofp       fz_wm.l(usenofp.o)
    0x08004176   0x08004176   0x00001e70   Data   RO          324    .constdata          oled.o
    0x08005fe6   0x08005fe6   0x00000002   PAD
    0x08005fe8   0x08005fe8   0x00000094   Data   RO         6653    .constdata          c_w.l(bigflt0.o)
    0x0800607c   0x0800607c   0x00000020   Data   RO         6823    Region$$Table       anon$$obj.o
    0x0800609c   0x0800609c   0x0000001c   Data   RO         6677    locale$$data        c_w.l(lc_numeric_c.o)


    Execution Region RW_IRAM2 (Exec base: 0x10000000, Load base: 0x080062b8, Size: 0x00000000, Max: 0x00010000, ABSOLUTE)

    **** No section assigned to this execution region ****


    Execution Region RW_IRAM1 (Exec base: 0x20000000, Load base: 0x080060b8, Size: 0x000015f8, Max: 0x00020000, ABSOLUTE, COMPRESSED[0x00000200])

    Exec Addr    Load Addr    Size         Type   Attr      Idx    E Section Name        Object

    0x20000000   COMPRESSED   0x0000081d   Data   RW            9    .data               main.o
    0x2000081d   COMPRESSED   0x00000001   PAD
    0x2000081e   COMPRESSED   0x00000004   Data   RW          466    .data               drv_systick.o
    0x20000822   COMPRESSED   0x00000002   PAD
    0x20000824   COMPRESSED   0x00000004   Data   RW          649    .data               drv_adc.o
    0x20000828   COMPRESSED   0x00000005   Data   RW          771    .data               drv_usart.o
    0x2000082d   COMPRESSED   0x00000010   Data   RW         3499    .data               stm32f4xx_rcc.o
    0x2000083d   COMPRESSED   0x00000003   PAD
    0x20000840   COMPRESSED   0x0000003c   Data   RW         6001    .data               tasks.o
    0x2000087c        -       0x00000480   Zero   RW          323    .bss                oled.o
    0x20000cfc        -       0x0000000a   Zero   RW          505    .bss                drv_key.o
    0x20000d06        -       0x000000c8   Zero   RW          648    .bss                drv_adc.o
    0x20000dce        -       0x00000100   Zero   RW          770    .bss                drv_usart.o
    0x20000ece   COMPRESSED   0x00000002   PAD
    0x20000ed0        -       0x000000c8   Zero   RW         6000    .bss                tasks.o
    0x20000f98        -       0x00000060   Zero   RW         6685    .bss                c_w.l(libspace.o)
    0x20000ff8        -       0x00000200   Zero   RW         5588    HEAP                startup_stm32f40_41xxx.o
    0x200011f8        -       0x00000400   Zero   RW         5587    STACK               startup_stm32f40_41xxx.o


==============================================================================

Image component sizes


      Code (inc. data)   RO Data    RW Data    ZI Data      Debug   Object Name

       392         56          0          4        200       2061   drv_adc.o
        52          4          0          0          0        536   drv_beep.o
       494         32          0          0          0       5257   drv_dht11.o
       220         22          0          0         10       2400   drv_key.o
       330         50          0          0          0       4440   drv_led.o
       260         20          0          4          0       2558   drv_systick.o
       288         14          0          0          0       1292   drv_tim.o
       724        112          0          5        256       4662   drv_usart.o
         0          0          0          0          0       7908   event_groups.o
        64          0          0          0          0       1624   list.o
      1978        236          0       2077          0     323634   main.o
       140         24          0          0          0       1835   misc.o
      1514         70       7792          0       1152      10098   oled.o
       234         22          0          0          0       3918   port.o
        64         26        392          0       1536        936   startup_stm32f40_41xxx.o
       392         24          0          0          0       6051   stm32f4xx_adc.o
       110          6          0          0          0       2661   stm32f4xx_dma.o
       240          0          0          0          0       3975   stm32f4xx_gpio.o
        52          4          0          0          0       3247   stm32f4xx_it.o
       328         36          0         16          0       5027   stm32f4xx_rcc.o
       414         38          0          0          0       7413   stm32f4xx_tim.o
       452          8          0          0          0       6651   stm32f4xx_usart.o
       340         32          0          0          0       1945   system_stm32f4xx.o
       520         78          0         60        200       6209   tasks.o

    ----------------------------------------------------------------------
      9620        914       8218       2172       3356     416338   Object Totals
         0          0         32          0          0          0   (incl. Generated)
        18          0          2          6          2          0   (incl. Padding)

    ----------------------------------------------------------------------

      Code (inc. data)   RO Data    RW Data    ZI Data      Debug   Library Member Name

       100          0          0          0          0          0   __dclz77c.o
         8          0          0          0          0         68   __main.o
       284          0          0          0          0        156   __printf_wp.o
         0          0          0          0          0          0   __rtentry.o
        12          0          0          0          0          0   __rtentry2.o
         6          0          0          0          0          0   __rtentry4.o
        52          8          0          0          0          0   __scatter.o
        28          0          0          0          0          0   __scatter_zi.o
         6          0          0          0          0          0   _printf_c.o
        44          0          0          0          0        108   _printf_char.o
        48          6          0          0          0         96   _printf_char_common.o
         6          0          0          0          0          0   _printf_d.o
       120         16          0          0          0         92   _printf_dec.o
         6          0          0          0          0          0   _printf_f.o
      1054          0          0          0          0        216   _printf_fp_dec.o
       128         16          0          0          0         84   _printf_fp_infnan.o
       178          0          0          0          0         88   _printf_intcommon.o
         0          0          0          0          0          0   _printf_percent.o
         4          0          0          0          0          0   _printf_percent_end.o
        82          0          0          0          0         80   _printf_str.o
        10          0          0          0          0         68   _sputc.o
       228          4        148          0          0         96   bigflt0.o
      1936        128          0          0          0        672   btod.o
        18          0          0          0          0         80   exit.o
         6          0          0          0          0        152   heapauxi.o
         0          0          0          0          0          0   indicate_semi.o
        44         10         28          0          0         76   lc_numeric_c.o
         2          0          0          0          0          0   libinit.o
        22          0          0          0          0          0   libinit2.o
         2          0          0          0          0          0   libshutdown.o
         2          0          0          0          0          0   libshutdown2.o
         8          4          0          0         96         68   libspace.o
       138          0          0          0          0         80   lludiv10.o
        40          6          0          0          0         84   noretval__2sprintf.o
         8          4          0          0          0         68   rt_locale_intlibspace.o
        68          0          0          0          0         68   rt_memclr.o
        78          0          0          0          0         80   rt_memclr_w.o
         2          0          0          0          0          0   rtexit.o
        10          0          0          0          0          0   rtexit2.o
       128          0          0          0          0         68   strcmpv7m.o
        12          4          0          0          0         68   sys_exit.o
        74          0          0          0          0         80   sys_stackheap_outer.o
         2          0          0          0          0         68   use_no_semi.o
        98          4          0          0          0        140   d2f.o
       826         16          0          0          0        492   daddsub_clz.o
       340         12          0          0          0        152   dmul.o
       156          4          0          0          0        140   dnaninf.o
        12          0          0          0          0        116   dretinf.o
        86          4          0          0          0        132   f2d.o
       140          4          0          0          0        132   fnaninf.o
        10          0          0          0          0        116   fpinit.o
        10          0          0          0          0        116   fretinf.o
         4          0          0          0          0        116   printf1.o
         0          0          0          0          0          0   usenofp.o
        48          0          0          0          0        124   fpclassify.o

    ----------------------------------------------------------------------
      6746        250        176          0         96       4640   Library Totals
        12          0          0          0          0          0   (incl. Padding)

    ----------------------------------------------------------------------

      Code (inc. data)   RO Data    RW Data    ZI Data      Debug   Library Name

      5004        206        176          0         96       2864   c_w.l
      1682         44          0          0          0       1652   fz_wm.l
        48          0          0          0          0        124   m_wm.l

    ----------------------------------------------------------------------
      6746        250        176          0         96       4640   Library Totals

    ----------------------------------------------------------------------

==============================================================================


      Code (inc. data)   RO Data    RW Data    ZI Data      Debug   

     16366       1164       8394       2172       3452     408218   Grand Totals
     16366       1164       8394        512       3452     408218   ELF Image Totals (compressed)
     16366       1164       8394        512          0          0   ROM Totals

==============================================================================

    Total RO  Size (Code + RO Data)                24760 (  24.18kB)
    Total RW  Size (RW Data + ZI Data)              5624 (   5.49kB)
    Total ROM Size (Code + RO Data + RW Data)      25272 (  24.68kB)

==============================================================================

